<html>
<body>
<pre>
<h1>礦ision Build Log</h1>
<h2>Tool Versions:</h2>
IDE-Version: μVision V5.35.0.0
Copyright (C) 2021 ARM Ltd and ARM Germany GmbH. All rights reserved.
License Information: bbx bbx, bbx, LIC=BL28G-VCDEL-PHD89-4XTT5-WJZCQ-YR60Q
 
Tool Versions:
Toolchain:       MDK-ARM Professional  Version: 5.35.0.2
Toolchain Path:  D:\Keil\core\ARM\ARMCC\Bin
C Compiler:      Armcc.exe V5.06 update 7 (build 960)
Assembler:       Armasm.exe V5.06 update 7 (build 960)
Linker/Locator:  ArmLink.exe V5.06 update 7 (build 960)
Library Manager: ArmAr.exe V5.06 update 7 (build 960)
Hex Converter:   FromElf.exe V5.06 update 7 (build 960)
CPU DLL:         SARMCM3.DLL V5.35.0.2
Dialog DLL:      DCM.DLL V1.17.3.0
Target DLL:      Segger\JL2CM3.dll V2.99.40.0
Dialog DLL:      TCM.DLL V1.53.0.0
 
<h2>Project:</h2>
D:\BBX_User\F103VC-NEW\USER\VC_NEW.uvprojx
Project File Date:  08/10/2021

<h2>Output:</h2>
*** Using Compiler 'V5.06 update 7 (build 960)', folder: 'D:\Keil\core\ARM\ARMCC\Bin'
Rebuild target 'VC_NEW'
Clean started - Project: 'VC_NEW'
   deleting intermediate output files for target 'VC_NEW'
compiling main.c...
compiling stm32f10x_it.c...
compiling system_stm32f10x.c...
compiling key.c...
compiling led.c...
compiling TFT.c...
compiling w25q64.c...
compiling SD.c...
compiling malloc.c...
compiling InterFace.c...
compiling SD_IFace.c...
..\HARDWARE\User_Interface\SD_IFace.c(201): warning:  #167-D: argument of type "u8 *" is incompatible with parameter of type "char *"
                                                Show_Str(0,0,240,16,pname,16,0);                //显示图片名字
..\HARDWARE\User_Interface\SD_IFace.c(118): warning:  #177-D: variable "pause"  was declared but never referenced
        u8 pause;                       //暂停标记
..\HARDWARE\User_Interface\SD_IFace.c: 2 warnings, 0 errors
compiling mpu6050.c...
compiling Modules_IFace.c...
compiling HC_SR04.c...
compiling BH1750.c...
compiling PWMOUT.c...
..\HARDWARE\timer\PWMOUT.c(4): warning:  #177-D: variable "TIM4_TypeDef"  was declared but never referenced
        TIM_TimeBaseInitTypeDef TIM4_TypeDef;
..\HARDWARE\timer\PWMOUT.c: 1 warning, 0 errors
compiling ADC.c...
compiling POWER.C...
compiling delay.c...
compiling sys.c...
compiling usart.c...
compiling Arithmetic.c...
compiling vl53l0x.c...
compiling vl53l0x_api.c...
compiling vl53l0x_api_calibration.c...
compiling vl53l0x_api_core.c...
compiling vl53l0x_api_ranging.c...
compiling vl53l0x_api_strings.c...
compiling vl53l0x_cali.c...
compiling vl53l0x_gen.c...
compiling vl53l0x_i2c.c...
compiling vl53l0x_it.c...
compiling vl53l0x_platform.c...
compiling User_FAT.c...
compiling diskio.c...
compiling ff.c...
compiling cc936.c...
compiling exfuns.c...
compiling fattester.c...
compiling fontupd.c...
compiling text.c...
compiling bmp.c...
compiling gif.c...
compiling piclib.c...
compiling tjpgd.c...
compiling core_cm3.c...
assembling startup_stm32f10x_hd.s...
compiling misc.c...
compiling stm32f10x_gpio.c...
compiling stm32f10x_rcc.c...
compiling stm32f10x_usart.c...
compiling stm32f10x_cec.c...
compiling stm32f10x_crc.c...
compiling stm32f10x_dac.c...
compiling stm32f10x_dbgmcu.c...
compiling stm32f10x_dma.c...
compiling stm32f10x_exti.c...
compiling stm32f10x_flash.c...
compiling stm32f10x_fsmc.c...
compiling stm32f10x_i2c.c...
compiling stm32f10x_iwdg.c...
compiling stm32f10x_pwr.c...
compiling stm32f10x_rtc.c...
compiling stm32f10x_sdio.c...
compiling stm32f10x_spi.c...
compiling stm32f10x_tim.c...
compiling stm32f10x_wwdg.c...
compiling stm32f10x_adc.c...
linking...
Program Size: Code=46610 RO-data=190926 RW-data=368 ZI-data=17060  
"..\OBJ\F103_EG.axf" - 0 Error(s), 3 Warning(s).

*** Performing Cross-Module-Optimization:
compiling system_stm32f10x.c...
compiling TFT.c...
compiling w25q64.c...
compiling SD.c...
compiling malloc.c...
compiling PWMOUT.c...
..\HARDWARE\timer\PWMOUT.c(4): warning:  #177-D: variable "TIM4_TypeDef"  was declared but never referenced
        TIM_TimeBaseInitTypeDef TIM4_TypeDef;
..\HARDWARE\timer\PWMOUT.c: 1 warning, 0 errors
compiling POWER.C...
compiling sys.c...
compiling usart.c...
compiling Arithmetic.c...
compiling vl53l0x_i2c.c...
compiling vl53l0x_platform.c...
compiling ff.c...
compiling fattester.c...
compiling text.c...
compiling bmp.c...
compiling gif.c...
compiling piclib.c...
compiling core_cm3.c...
compiling misc.c...
compiling stm32f10x_gpio.c...
compiling stm32f10x_rcc.c...
compiling stm32f10x_usart.c...
compiling stm32f10x_cec.c...
compiling stm32f10x_crc.c...
compiling stm32f10x_dac.c...
compiling stm32f10x_dbgmcu.c...
compiling stm32f10x_dma.c...
compiling stm32f10x_exti.c...
compiling stm32f10x_flash.c...
compiling stm32f10x_fsmc.c...
compiling stm32f10x_i2c.c...
compiling stm32f10x_iwdg.c...
compiling stm32f10x_pwr.c...
compiling stm32f10x_rtc.c...
compiling stm32f10x_sdio.c...
compiling stm32f10x_spi.c...
compiling stm32f10x_tim.c...
compiling stm32f10x_wwdg.c...
compiling stm32f10x_adc.c...
linking...
Program Size: Code=46610 RO-data=190926 RW-data=368 ZI-data=17060  
FromELF: creating hex file...
"..\OBJ\F103_EG.axf" - 0 Error(s), 1 Warning(s).
*** Completed Cross-Module-Optimization after 2 iteration(s).

<h2>Software Packages used:</h2>

Package Vendor: Keil
                http://www.keil.com/pack/Keil.STM32F1xx_DFP.2.3.0.pack
                Keil.STM32F1xx_DFP.2.3.0
                STMicroelectronics STM32F1 Series Device Support, Drivers and Examples

<h2>Collection of Component include folders:</h2>
  D:\Keil\park\Keil\STM32F1xx_DFP\2.3.0\Device\Include

<h2>Collection of Component Files used:</h2>
Build Time Elapsed:  00:00:43
</pre>
</body>
</html>
