Component: ARM Compiler 5.06 update 7 (build 960) Tool: armlink [4d3601]

==============================================================================

Section Cross References

    main.o(i.main) refers to delay.o(i.delay_init) for delay_init
    main.o(i.main) refers to usart.o(i.uart_init) for uart_init
    main.o(i.main) refers to key.o(i.Key_IO_Init) for Key_IO_Init
    main.o(i.main) refers to led.o(i.RGB_IO_Init) for RGB_IO_Init
    main.o(i.main) refers to tft.o(i.LCD_Init) for LCD_Init
    main.o(i.main) refers to adc.o(i.MCU_Temperature_ADC_Init) for MCU_Temperature_ADC_Init
    main.o(i.main) refers to delay.o(i.delay_ms) for delay_ms
    main.o(i.main) refers to tft.o(i.LCD_Fill) for LCD_Fill
    main.o(i.main) refers to printfa.o(i.__0printf) for __2printf
    main.o(i.main) refers to power.o(i.Power_Get_Init) for Power_Get_Init
    main.o(i.main) refers to w25q64.o(i.W25Qxx_SPIAndIO_Init) for W25Qxx_SPIAndIO_Init
    main.o(i.main) refers to w25q64.o(i.W25QXX_ReadID) for W25QXX_ReadID
    main.o(i.main) refers to printfa.o(i.__0sprintf) for __2sprintf
    main.o(i.main) refers to tft.o(i.LCDDebug) for LCDDebug
    main.o(i.main) refers to malloc.o(i.my_mem_init) for my_mem_init
    main.o(i.main) refers to exfuns.o(i.exfuns_init) for exfuns_init
    main.o(i.main) refers to ff.o(i.f_mount) for f_mount
    main.o(i.main) refers to tft.o(i.LCD_ShowString) for LCD_ShowString
    main.o(i.main) refers to sd.o(i.SD_Init) for SD_Init
    main.o(i.main) refers to fontupd.o(i.update_font) for update_font
    main.o(i.main) refers to fontupd.o(i.font_init) for font_init
    main.o(i.main) refers to interface.o(i.Load_Animation) for Load_Animation
    main.o(i.main) refers to interface.o(i.User_Main_InterFace) for User_Main_InterFace
    main.o(i.main) refers to interface.o(i.SD_Casd_InterFace) for SD_Casd_InterFace
    main.o(i.main) refers to sd_iface.o(i.SD_IFace_information) for SD_IFace_information
    main.o(i.main) refers to sd_iface.o(i.SD_TXET_IFace) for SD_TXET_IFace
    main.o(i.main) refers to sd_iface.o(i.SD_Picture_IFace) for SD_Picture_IFace
    main.o(i.main) refers to interface.o(i.User_Modules_InterFace) for User_Modules_InterFace
    main.o(i.main) refers to main.o(.bss) for LCD_Debug_buf
    main.o(i.main) refers to main.o(.data) for Timeout_Flag
    main.o(i.main) refers to key.o(.data) for KEY_Flag
    main.o(i.main) refers to exfuns.o(.data) for fs
    main.o(i.main) refers to interface.o(.data) for InterFace_Flag
    system_stm32f10x.o(i.SetSysClock) refers to system_stm32f10x.o(i.SetSysClockTo72) for SetSysClockTo72
    system_stm32f10x.o(i.SystemCoreClockUpdate) refers to system_stm32f10x.o(.data) for SystemCoreClock
    system_stm32f10x.o(i.SystemInit) refers to system_stm32f10x.o(i.SetSysClock) for SetSysClock
    key.o(i.EXTI15_10_IRQHandler) refers to delay.o(i.delay_ms) for delay_ms
    key.o(i.EXTI15_10_IRQHandler) refers to stm32f10x_exti.o(i.EXTI_GetITStatus) for EXTI_GetITStatus
    key.o(i.EXTI15_10_IRQHandler) refers to stm32f10x_exti.o(i.EXTI_ClearITPendingBit) for EXTI_ClearITPendingBit
    key.o(i.EXTI15_10_IRQHandler) refers to key.o(.data) for KEY_Flag
    key.o(i.Key_IO_Init) refers to stm32f10x_rcc.o(i.RCC_APB2PeriphClockCmd) for RCC_APB2PeriphClockCmd
    key.o(i.Key_IO_Init) refers to stm32f10x_gpio.o(i.GPIO_Init) for GPIO_Init
    key.o(i.Key_IO_Init) refers to stm32f10x_gpio.o(i.GPIO_EXTILineConfig) for GPIO_EXTILineConfig
    key.o(i.Key_IO_Init) refers to stm32f10x_exti.o(i.EXTI_Init) for EXTI_Init
    key.o(i.Key_IO_Init) refers to misc.o(i.NVIC_PriorityGroupConfig) for NVIC_PriorityGroupConfig
    key.o(i.Key_IO_Init) refers to misc.o(i.NVIC_Init) for NVIC_Init
    led.o(i.RGB_IO_Init) refers to stm32f10x_rcc.o(i.RCC_APB2PeriphClockCmd) for RCC_APB2PeriphClockCmd
    led.o(i.RGB_IO_Init) refers to stm32f10x_gpio.o(i.GPIO_Init) for GPIO_Init
    tft.o(i.Draw_Circle) refers to tft.o(i.LCD_DrawPoint) for LCD_DrawPoint
    tft.o(i.LCDDebug) refers to tft.o(i.LCD_ShowChar) for LCD_ShowChar
    tft.o(i.LCD_Address_Set) refers to tft.o(i.LCD_WR_REG) for LCD_WR_REG
    tft.o(i.LCD_Address_Set) refers to tft.o(i.LCD_WR_DATA) for LCD_WR_DATA
    tft.o(i.LCD_Color_Fill) refers to tft.o(i.LCD_Address_Set) for LCD_Address_Set
    tft.o(i.LCD_Color_Fill) refers to delay.o(i.delay_us) for delay_us
    tft.o(i.LCD_Color_Fill) refers to stm32f10x_spi.o(i.SPI_Cmd) for SPI_Cmd
    tft.o(i.LCD_Color_Fill) refers to tft.o(i.MYDMA_Config1) for MYDMA_Config1
    tft.o(i.LCD_Color_Fill) refers to stm32f10x_spi.o(i.SPI_I2S_DMACmd) for SPI_I2S_DMACmd
    tft.o(i.LCD_Color_Fill) refers to tft.o(i.MYDMA_Enable) for MYDMA_Enable
    tft.o(i.LCD_Color_Fill) refers to stm32f10x_dma.o(i.DMA_GetFlagStatus) for DMA_GetFlagStatus
    tft.o(i.LCD_Color_Fill) refers to stm32f10x_dma.o(i.DMA_ClearFlag) for DMA_ClearFlag
    tft.o(i.LCD_DrawLine) refers to tft.o(i.LCD_DrawPoint) for LCD_DrawPoint
    tft.o(i.LCD_DrawPoint) refers to tft.o(i.LCD_Address_Set) for LCD_Address_Set
[...]
    _printf_return_value                     0x00000000   Number         0  stubs.o ABSOLUTE
    _printf_s                                0x00000000   Number         0  stubs.o ABSOLUTE
    _printf_sizespec                         0x00000000   Number         0  stubs.o ABSOLUTE
    _printf_str                              0x00000000   Number         0  stubs.o ABSOLUTE
    _printf_truncate_signed                  0x00000000   Number         0  stubs.o ABSOLUTE
    _printf_truncate_unsigned                0x00000000   Number         0  stubs.o ABSOLUTE
    _printf_u                                0x00000000   Number         0  stubs.o ABSOLUTE
    _printf_wc                               0x00000000   Number         0  stubs.o ABSOLUTE
    _printf_wctomb                           0x00000000   Number         0  stubs.o ABSOLUTE
    _printf_widthprec                        0x00000000   Number         0  stubs.o ABSOLUTE
    _printf_x                                0x00000000   Number         0  stubs.o ABSOLUTE
    __arm_fini_                               - Undefined Weak Reference
    __cpp_initialize__aeabi_                  - Undefined Weak Reference
    __cxa_finalize                            - Undefined Weak Reference
    _clock_init                               - Undefined Weak Reference
    _microlib_exit                            - Undefined Weak Reference
    __Vectors_Size                           0x00000130   Number         0  startup_stm32f10x_hd.o ABSOLUTE
    __Vectors                                0x08000000   Data           4  startup_stm32f10x_hd.o(RESET)
    __Vectors_End                            0x08000130   Data           0  startup_stm32f10x_hd.o(RESET)
    __main                                   0x08000131   Thumb Code     0  entry.o(.ARM.Collect$$$$00000000)
    _main_stk                                0x08000131   Thumb Code     0  entry2.o(.ARM.Collect$$$$00000001)
    _main_scatterload                        0x08000135   Thumb Code     0  entry5.o(.ARM.Collect$$$$00000004)
    __main_after_scatterload                 0x08000139   Thumb Code     0  entry5.o(.ARM.Collect$$$$00000004)
    _main_clock                              0x08000139   Thumb Code     0  entry7b.o(.ARM.Collect$$$$00000008)
    _main_cpp_init                           0x08000139   Thumb Code     0  entry8b.o(.ARM.Collect$$$$0000000A)
    _main_init                               0x08000139   Thumb Code     0  entry9a.o(.ARM.Collect$$$$0000000B)
    __rt_lib_shutdown_fini                   0x08000141   Thumb Code     0  entry12b.o(.ARM.Collect$$$$0000000E)
    __rt_final_cpp                           0x08000145   Thumb Code     0  entry10a.o(.ARM.Collect$$$$0000000F)
    __rt_final_exit                          0x08000145   Thumb Code     0  entry11a.o(.ARM.Collect$$$$00000011)
    Reset_Handler                            0x08000149   Thumb Code     8  startup_stm32f10x_hd.o(.text)
    ADC1_2_IRQHandler                        0x08000163   Thumb Code     0  startup_stm32f10x_hd.o(.text)
    ADC3_IRQHandler                          0x08000163   Thumb Code     0  startup_stm32f10x_hd.o(.text)
    CAN1_RX1_IRQHandler                      0x08000163   Thumb Code     0  startup_stm32f10x_hd.o(.text)
    CAN1_SCE_IRQHandler                      0x08000163   Thumb Code     0  startup_stm32f10x_hd.o(.text)
    DMA1_Channel1_IRQHandler                 0x08000163   Thumb Code     0  startup_stm32f10x_hd.o(.text)
    DMA1_Channel2_IRQHandler                 0x08000163   Thumb Code     0  startup_stm32f10x_hd.o(.text)
    DMA1_Channel3_IRQHandler                 0x08000163   Thumb Code     0  startup_stm32f10x_hd.o(.text)
    DMA1_Channel4_IRQHandler                 0x08000163   Thumb Code     0  startup_stm32f10x_hd.o(.text)
    DMA1_Channel5_IRQHandler                 0x08000163   Thumb Code     0  startup_stm32f10x_hd.o(.text)
    DMA1_Channel6_IRQHandler                 0x08000163   Thumb Code     0  startup_stm32f10x_hd.o(.text)
    DMA1_Channel7_IRQHandler                 0x08000163   Thumb Code     0  startup_stm32f10x_hd.o(.text)
    DMA2_Channel1_IRQHandler                 0x08000163   Thumb Code     0  startup_stm32f10x_hd.o(.text)
    DMA2_Channel2_IRQHandler                 0x08000163   Thumb Code     0  startup_stm32f10x_hd.o(.text)
    DMA2_Channel3_IRQHandler                 0x08000163   Thumb Code     0  startup_stm32f10x_hd.o(.text)
    DMA2_Channel4_5_IRQHandler               0x08000163   Thumb Code     0  startup_stm32f10x_hd.o(.text)
    EXTI0_IRQHandler                         0x08000163   Thumb Code     0  startup_stm32f10x_hd.o(.text)
    EXTI1_IRQHandler                         0x08000163   Thumb Code     0  startup_stm32f10x_hd.o(.text)
    EXTI2_IRQHandler                         0x08000163   Thumb Code     0  startup_stm32f10x_hd.o(.text)
    EXTI3_IRQHandler                         0x08000163   Thumb Code     0  startup_stm32f10x_hd.o(.text)
    EXTI4_IRQHandler                         0x08000163   Thumb Code     0  startup_stm32f10x_hd.o(.text)
    EXTI9_5_IRQHandler                       0x08000163   Thumb Code     0  startup_stm32f10x_hd.o(.text)
    FLASH_IRQHandler                         0x08000163   Thumb Code     0  startup_stm32f10x_hd.o(.text)
    FSMC_IRQHandler                          0x08000163   Thumb Code     0  startup_stm32f10x_hd.o(.text)
    I2C1_ER_IRQHandler                       0x08000163   Thumb Code     0  startup_stm32f10x_hd.o(.text)
    I2C1_EV_IRQHandler                       0x08000163   Thumb Code     0  startup_stm32f10x_hd.o(.text)
    I2C2_ER_IRQHandler                       0x08000163   Thumb Code     0  startup_stm32f10x_hd.o(.text)
    I2C2_EV_IRQHandler                       0x08000163   Thumb Code     0  startup_stm32f10x_hd.o(.text)
    PVD_IRQHandler                           0x08000163   Thumb Code     0  startup_stm32f10x_hd.o(.text)
    RCC_IRQHandler                           0x08000163   Thumb Code     0  startup_stm32f10x_hd.o(.text)
    RTCAlarm_IRQHandler                      0x08000163   Thumb Code     0  startup_stm32f10x_hd.o(.text)
    RTC_IRQHandler                           0x08000163   Thumb Code     0  startup_stm32f10x_hd.o(.text)
    SPI1_IRQHandler                          0x08000163   Thumb Code     0  startup_stm32f10x_hd.o(.text)
    SPI2_IRQHandler                          0x08000163   Thumb Code     0  startup_stm32f10x_hd.o(.text)
    SPI3_IRQHandler                          0x08000163   Thumb Code     0  startup_stm32f10x_hd.o(.text)
    TAMPER_IRQHandler                        0x08000163   Thumb Code     0  startup_stm32f10x_hd.o(.text)
    TIM1_BRK_IRQHandler                      0x08000163   Thumb Code     0  startup_stm32f10x_hd.o(.text)
    TIM1_CC_IRQHandler                       0x08000163   Thumb Code     0  startup_stm32f10x_hd.o(.text)
    TIM1_TRG_COM_IRQHandler                  0x08000163   Thumb Code     0  startup_stm32f10x_hd.o(.text)
    TIM1_UP_IRQHandler                       0x08000163   Thumb Code     0  startup_stm32f10x_hd.o(.text)
    TIM2_IRQHandler                          0x08000163   Thumb Code     0  startup_stm32f10x_hd.o(.text)
    TIM3_IRQHandler                          0x08000163   Thumb Code     0  startup_stm32f10x_hd.o(.text)
    TIM4_IRQHandler                          0x08000163   Thumb Code     0  startup_stm32f10x_hd.o(.text)
    TIM5_IRQHandler                          0x08000163   Thumb Code     0  startup_stm32f10x_hd.o(.text)
    TIM6_IRQHandler                          0x08000163   Thumb Code     0  startup_stm32f10x_hd.o(.text)
    TIM8_BRK_IRQHandler                      0x08000163   Thumb Code     0  startup_stm32f10x_hd.o(.text)
    TIM8_CC_IRQHandler                       0x08000163   Thumb Code     0  startup_stm32f10x_hd.o(.text)
    TIM8_TRG_COM_IRQHandler                  0x08000163   Thumb Code     0  startup_stm32f10x_hd.o(.text)
    TIM8_UP_IRQHandler                       0x08000163   Thumb Code     0  startup_stm32f10x_hd.o(.text)
    UART5_IRQHandler                         0x08000163   Thumb Code     0  startup_stm32f10x_hd.o(.text)
    USART2_IRQHandler                        0x08000163   Thumb Code     0  startup_stm32f10x_hd.o(.text)
    USART3_IRQHandler                        0x08000163   Thumb Code     0  startup_stm32f10x_hd.o(.text)
    USBWakeUp_IRQHandler                     0x08000163   Thumb Code     0  startup_stm32f10x_hd.o(.text)
    USB_HP_CAN1_TX_IRQHandler                0x08000163   Thumb Code     0  startup_stm32f10x_hd.o(.text)
    USB_LP_CAN1_RX0_IRQHandler               0x08000163   Thumb Code     0  startup_stm32f10x_hd.o(.text)
    WWDG_IRQHandler                          0x08000163   Thumb Code     0  startup_stm32f10x_hd.o(.text)
    __aeabi_ldivmod                          0x0800016d   Thumb Code    98  ldiv.o(.text)
    __aeabi_memcpy                           0x080001cf   Thumb Code    36  memcpya.o(.text)
    __aeabi_memcpy4                          0x080001cf   Thumb Code     0  memcpya.o(.text)
    __aeabi_memcpy8                          0x080001cf   Thumb Code     0  memcpya.o(.text)
    strcat                                   0x080001f3   Thumb Code    24  strcat.o(.text)
    strcmp                                   0x0800020b   Thumb Code    28  strcmp.o(.text)
    strcpy                                   0x08000227   Thumb Code    18  strcpy.o(.text)
    __aeabi_fadd                             0x08000239   Thumb Code   164  fadd.o(.text)
    __aeabi_fsub                             0x080002dd   Thumb Code     6  fadd.o(.text)
    __aeabi_frsub                            0x080002e3   Thumb Code     6  fadd.o(.text)
    __aeabi_fmul                             0x080002e9   Thumb Code   100  fmul.o(.text)
    __aeabi_fdiv                             0x0800034d   Thumb Code   124  fdiv.o(.text)
    __aeabi_dadd                             0x080003c9   Thumb Code   322  dadd.o(.text)
    __aeabi_dsub                             0x0800050b   Thumb Code     6  dadd.o(.text)
    __aeabi_drsub                            0x08000511   Thumb Code     6  dadd.o(.text)
    __aeabi_dmul                             0x08000517   Thumb Code   228  dmul.o(.text)
    __aeabi_ddiv                             0x080005fb   Thumb Code   222  ddiv.o(.text)
    __aeabi_i2f                              0x080006d9   Thumb Code    18  fflti.o(.text)
    __aeabi_ui2f                             0x080006eb   Thumb Code    10  ffltui.o(.text)
    __aeabi_f2uiz                            0x080006f5   Thumb Code    40  ffixui.o(.text)
    __aeabi_d2iz                             0x0800071d   Thumb Code    62  dfixi.o(.text)
    __aeabi_f2d                              0x0800075b   Thumb Code    38  f2d.o(.text)
    __aeabi_d2f                              0x08000781   Thumb Code    56  d2f.o(.text)
    __aeabi_cfcmpeq                          0x080007b9   Thumb Code     0  cfcmple.o(.text)
    __aeabi_cfcmple                          0x080007b9   Thumb Code    20  cfcmple.o(.text)
    __aeabi_cfrcmple                         0x080007cd   Thumb Code    20  cfrcmple.o(.text)
    __aeabi_uidiv                            0x080007e1   Thumb Code     0  uidiv.o(.text)
    __aeabi_uidivmod                         0x080007e1   Thumb Code    44  uidiv.o(.text)
    __aeabi_uldivmod                         0x0800080d   Thumb Code    98  uldiv.o(.text)
    __aeabi_llsl                             0x0800086f   Thumb Code    30  llshl.o(.text)
    _ll_shift_l                              0x0800086f   Thumb Code     0  llshl.o(.text)
    __aeabi_llsr                             0x0800088d   Thumb Code    32  llushr.o(.text)
    _ll_ushift_r                             0x0800088d   Thumb Code     0  llushr.o(.text)
    __aeabi_lasr                             0x080008ad   Thumb Code    36  llsshr.o(.text)
    _ll_sshift_r                             0x080008ad   Thumb Code     0  llsshr.o(.text)
    __I$use$fp                               0x080008d1   Thumb Code     0  iusefp.o(.text)
    _float_round                             0x080008d1   Thumb Code    18  fepilogue.o(.text)
    _float_epilogue                          0x080008e3   Thumb Code    92  fepilogue.o(.text)
    _double_round                            0x0800093f   Thumb Code    30  depilogue.o(.text)
    _double_epilogue                         0x0800095d   Thumb Code   156  depilogue.o(.text)
    __aeabi_d2ulz                            0x080009f9   Thumb Code    48  dfixul.o(.text)
    __aeabi_cdrcmple                         0x08000a29   Thumb Code    48  cdrcmple.o(.text)
    __scatterload                            0x08000a59   Thumb Code    28  init.o(.text)
    __scatterload_rt2                        0x08000a59   Thumb Code     0  init.o(.text)
    __decompress                             0x08000a7d   Thumb Code     0  __dczerorl2.o(.text)
    __decompress1                            0x08000a7d   Thumb Code    86  __dczerorl2.o(.text)
    ADC_Cmd                                  0x08000ad3   Thumb Code    22  stm32f10x_adc.o(i.ADC_Cmd)
    ADC_DeInit                               0x08000ae9   Thumb Code    78  stm32f10x_adc.o(i.ADC_DeInit)
    ADC_GetCalibrationStatus                 0x08000b45   Thumb Code    20  stm32f10x_adc.o(i.ADC_GetCalibrationStatus)
    ADC_GetConversionValue                   0x08000b59   Thumb Code     8  stm32f10x_adc.o(i.ADC_GetConversionValue)
    ADC_GetFlagStatus                        0x08000b61   Thumb Code    18  stm32f10x_adc.o(i.ADC_GetFlagStatus)
    ADC_GetResetCalibrationStatus            0x08000b73   Thumb Code    20  stm32f10x_adc.o(i.ADC_GetResetCalibrationStatus)
    ADC_Init                                 0x08000b89   Thumb Code    70  stm32f10x_adc.o(i.ADC_Init)
    ADC_RegularChannelConfig                 0x08000bd9   Thumb Code   184  stm32f10x_adc.o(i.ADC_RegularChannelConfig)
    ADC_ResetCalibration                     0x08000c91   Thumb Code    10  stm32f10x_adc.o(i.ADC_ResetCalibration)
    ADC_SoftwareStartConvCmd                 0x08000c9b   Thumb Code    22  stm32f10x_adc.o(i.ADC_SoftwareStartConvCmd)
    ADC_StartCalibration                     0x08000cb1   Thumb Code    10  stm32f10x_adc.o(i.ADC_StartCalibration)
    ADC_TempSensorVrefintCmd                 0x08000cbd   Thumb Code    30  stm32f10x_adc.o(i.ADC_TempSensorVrefintCmd)
    BusFault_Handler                         0x08000ce1   Thumb Code     4  stm32f10x_it.o(i.BusFault_Handler)
    CmdError                                 0x08000ce5   Thumb Code    48  sd.o(i.CmdError)
    CmdResp1Error                            0x08000d15   Thumb Code    90  sd.o(i.CmdResp1Error)
    CmdResp2Error                            0x08000d75   Thumb Code    80  sd.o(i.CmdResp2Error)
    CmdResp3Error                            0x08000dc9   Thumb Code    50  sd.o(i.CmdResp3Error)
    CmdResp6Error                            0x08000e01   Thumb Code   140  sd.o(i.CmdResp6Error)
    CmdResp7Error                            0x08000e91   Thumb Code    70  sd.o(i.CmdResp7Error)
    DMA_ClearFlag                            0x08000edd   Thumb Code    18  stm32f10x_dma.o(i.DMA_ClearFlag)
    DMA_Cmd                                  0x08000ef9   Thumb Code    24  stm32f10x_dma.o(i.DMA_Cmd)
    DMA_DeInit                               0x08000f11   Thumb Code   324  stm32f10x_dma.o(i.DMA_DeInit)
    DMA_GetFlagStatus                        0x0800105d   Thumb Code    36  stm32f10x_dma.o(i.DMA_GetFlagStatus)
    DMA_Init                                 0x08001089   Thumb Code    60  stm32f10x_dma.o(i.DMA_Init)
    DMA_SetCurrDataCounter                   0x080010c5   Thumb Code     4  stm32f10x_dma.o(i.DMA_SetCurrDataCounter)
    DebugMon_Handler                         0x080010c9   Thumb Code     2  stm32f10x_it.o(i.DebugMon_Handler)
    EXTI15_10_IRQHandler                     0x080010cd   Thumb Code    86  key.o(i.EXTI15_10_IRQHandler)
    EXTI_ClearITPendingBit                   0x08001129   Thumb Code     6  stm32f10x_exti.o(i.EXTI_ClearITPendingBit)
    EXTI_GetITStatus                         0x08001135   Thumb Code    34  stm32f10x_exti.o(i.EXTI_GetITStatus)
    EXTI_Init                                0x0800115d   Thumb Code   142  stm32f10x_exti.o(i.EXTI_Init)
    FindSCR                                  0x080011f1   Thumb Code   386  sd.o(i.FindSCR)
    GPIO_EXTILineConfig                      0x08001385   Thumb Code    60  stm32f10x_gpio.o(i.GPIO_EXTILineConfig)
    GPIO_Init                                0x080013c5   Thumb Code   278  stm32f10x_gpio.o(i.GPIO_Init)
    GPIO_PinRemapConfig                      0x080014dd   Thumb Code   138  stm32f10x_gpio.o(i.GPIO_PinRemapConfig)
    GPIO_ReadInputDataBit                    0x0800156d   Thumb Code    18  stm32f10x_gpio.o(i.GPIO_ReadInputDataBit)
    GPIO_ResetBits                           0x0800157f   Thumb Code     4  stm32f10x_gpio.o(i.GPIO_ResetBits)
    GPIO_SetBits                             0x08001583   Thumb Code     4  stm32f10x_gpio.o(i.GPIO_SetBits)
    Get_HzMat                                0x08001589   Thumb Code   220  text.o(i.Get_HzMat)
    Get_Temprate                             0x08001669   Thumb Code   106  adc.o(i.Get_Temprate)
    HardFault_Handler                        0x080016f1   Thumb Code     4  stm32f10x_it.o(i.HardFault_Handler)
    IIC_ReceiveByte                          0x080016f5   Thumb Code    76  power.o(i.IIC_ReceiveByte)
    IIC_SendByte                             0x08001745   Thumb Code    78  power.o(i.IIC_SendByte)
    IIC_SendNoAck                            0x08001799   Thumb Code    38  power.o(i.IIC_SendNoAck)
    IIC_Start                                0x080017c5   Thumb Code    58  power.o(i.IIC_Start)
    IIC_Stop                                 0x08001805   Thumb Code    48  power.o(i.IIC_Stop)
    IIC_WaitAck                              0x08001839   Thumb Code    76  power.o(i.IIC_WaitAck)
    INTX_DISABLE                             0x08001889   Thumb Code     4  sys.o(i.INTX_DISABLE)
    INTX_ENABLE                              0x0800188d   Thumb Code     4  sys.o(i.INTX_ENABLE)
    IP5328P_BatCurrent                       0x08001891   Thumb Code   106  power.o(i.IP5328P_BatCurrent)
    IP5328P_BatVoltage                       0x0800190d   Thumb Code   112  power.o(i.IP5328P_BatVoltage)
    IP5328P_Read                             0x08001991   Thumb Code    60  power.o(i.IP5328P_Read)
    IsCardProgramming                        0x080019d9   Thumb Code   142  sd.o(i.IsCardProgramming)
    Key_IO_Init                              0x08001a75   Thumb Code   190  key.o(i.Key_IO_Init)
    LCDDebug                                 0x08001b39   Thumb Code   102  tft.o(i.LCDDebug)
    LCD_Address_Set                          0x08001b9f   Thumb Code    58  tft.o(i.LCD_Address_Set)
    LCD_Color_Fill                           0x08001bd9   Thumb Code   230  tft.o(i.LCD_Color_Fill)
    LCD_DrawLine                             0x08001cc9   Thumb Code   172  tft.o(i.LCD_DrawLine)
    LCD_DrawPoint                            0x08001d75   Thumb Code    28  tft.o(i.LCD_DrawPoint)
    LCD_DrawRectangle                        0x08001d91   Thumb Code    74  tft.o(i.LCD_DrawRectangle)
    LCD_Fill                                 0x08001ddd   Thumb Code   228  tft.o(i.LCD_Fill)
    LCD_Init                                 0x08001ec9   Thumb Code   428  tft.o(i.LCD_Init)
    LCD_ShowChar                             0x08002079   Thumb Code   328  tft.o(i.LCD_ShowChar)
    LCD_ShowString                           0x080021d1   Thumb Code   100  tft.o(i.LCD_ShowString)
    Load_Animation                           0x080022a1   Thumb Code   128  interface.o(i.Load_Animation)
    MCU_Temperature_ADC_Init                 0x0800232d   Thumb Code   118  adc.o(i.MCU_Temperature_ADC_Init)
    MemManage_Handler                        0x08002431   Thumb Code     4  stm32f10x_it.o(i.MemManage_Handler)
    NMI_Handler                              0x08002435   Thumb Code     2  stm32f10x_it.o(i.NMI_Handler)
    NVIC_Init                                0x08002439   Thumb Code   100  misc.o(i.NVIC_Init)
    NVIC_PriorityGroupConfig                 0x080024a9   Thumb Code    10  misc.o(i.NVIC_PriorityGroupConfig)
    PendSV_Handler                           0x080024bd   Thumb Code     2  stm32f10x_it.o(i.PendSV_Handler)
    Power_Get_Init                           0x080024c1   Thumb Code    48  power.o(i.Power_Get_Init)
    RCC_ADCCLKConfig                         0x080024f5   Thumb Code    18  stm32f10x_rcc.o(i.RCC_ADCCLKConfig)
    RCC_AHBPeriphClockCmd                    0x0800250d   Thumb Code    26  stm32f10x_rcc.o(i.RCC_AHBPeriphClockCmd)
    RCC_APB1PeriphClockCmd                   0x0800252d   Thumb Code    26  stm32f10x_rcc.o(i.RCC_APB1PeriphClockCmd)
    RCC_APB2PeriphClockCmd                   0x0800254d   Thumb Code    26  stm32f10x_rcc.o(i.RCC_APB2PeriphClockCmd)
    RCC_APB2PeriphResetCmd                   0x0800256d   Thumb Code    26  stm32f10x_rcc.o(i.RCC_APB2PeriphResetCmd)
    RCC_GetClocksFreq                        0x0800258d   Thumb Code   192  stm32f10x_rcc.o(i.RCC_GetClocksFreq)
    RGB_IO_Init                              0x08002661   Thumb Code    46  led.o(i.RGB_IO_Init)
    SDEnWideBus                              0x080026d5   Thumb Code   158  sd.o(i.SDEnWideBus)
    SDIO_ClearFlag                           0x08002781   Thumb Code     6  stm32f10x_sdio.o(i.SDIO_ClearFlag)
    SDIO_ClockCmd                            0x0800278d   Thumb Code     6  stm32f10x_sdio.o(i.SDIO_ClockCmd)
    SDIO_Clock_Set                           0x08002799   Thumb Code    16  sd.o(i.SDIO_Clock_Set)
    SDIO_DMACmd                              0x080027ad   Thumb Code     6  stm32f10x_sdio.o(i.SDIO_DMACmd)
    SDIO_DataConfig                          0x080027b9   Thumb Code    42  stm32f10x_sdio.o(i.SDIO_DataConfig)
    SDIO_DeInit                              0x080027e9   Thumb Code    28  stm32f10x_sdio.o(i.SDIO_DeInit)
    SDIO_GetFlagStatus                       0x0800280d   Thumb Code    20  stm32f10x_sdio.o(i.SDIO_GetFlagStatus)
    SDIO_GetPowerState                       0x08002825   Thumb Code    10  stm32f10x_sdio.o(i.SDIO_GetPowerState)
    SDIO_IRQHandler                          0x08002835   Thumb Code     8  sd.o(i.SDIO_IRQHandler)
    SDIO_Init                                0x0800283d   Thumb Code    42  stm32f10x_sdio.o(i.SDIO_Init)
    SDIO_ReadData                            0x0800286d   Thumb Code     6  stm32f10x_sdio.o(i.SDIO_ReadData)
    SDIO_SendCommand                         0x08002879   Thumb Code    38  stm32f10x_sdio.o(i.SDIO_SendCommand)
    SDIO_SetPowerState                       0x080028a5   Thumb Code    22  stm32f10x_sdio.o(i.SDIO_SetPowerState)
    SDIO_WriteData                           0x080028c1   Thumb Code     6  stm32f10x_sdio.o(i.SDIO_WriteData)
    SD_Casd_InterFace                        0x080028cd   Thumb Code   310  interface.o(i.SD_Casd_InterFace)
    SD_DMA_Config                            0x08002a25   Thumb Code    94  sd.o(i.SD_DMA_Config)
    SD_EnableWideBusOperation                0x08002a8d   Thumb Code    94  sd.o(i.SD_EnableWideBusOperation)
    SD_GetCardInfo                           0x08002af5   Thumb Code   768  sd.o(i.SD_GetCardInfo)
    SD_IFace_information                     0x08002e05   Thumb Code   278  sd_iface.o(i.SD_IFace_information)
    SD_Init                                  0x08002fb1   Thumb Code   212  sd.o(i.SD_Init)
    SD_InitializeCards                       0x08003095   Thumb Code   316  sd.o(i.SD_InitializeCards)
    SD_Picture_IFace                         0x080031e9   Thumb Code   862  sd_iface.o(i.SD_Picture_IFace)
    SD_PowerON                               0x080035fd   Thumb Code   450  sd.o(i.SD_PowerON)
    SD_ProcessIRQSrc                         0x080037d9   Thumb Code   296  sd.o(i.SD_ProcessIRQSrc)
    SD_ReadBlock                             0x08003915   Thumb Code   558  sd.o(i.SD_ReadBlock)
    SD_ReadDisk                              0x08003b6d   Thumb Code   148  sd.o(i.SD_ReadDisk)
    SD_ReadMultiBlocks                       0x08003c05   Thumb Code   698  sd.o(i.SD_ReadMultiBlocks)
    SD_SelectDeselect                        0x08003eed   Thumb Code    42  sd.o(i.SD_SelectDeselect)
    SD_SetDeviceMode                         0x08003f1d   Thumb Code    20  sd.o(i.SD_SetDeviceMode)
    SD_TXET_IFace                            0x08003f35   Thumb Code   162  sd_iface.o(i.SD_TXET_IFace)
    SD_WriteBlock                            0x08004005   Thumb Code   844  sd.o(i.SD_WriteBlock)
    SD_WriteDisk                             0x08004379   Thumb Code   148  sd.o(i.SD_WriteDisk)
    SD_WriteMultiBlocks                      0x08004411   Thumb Code   920  sd.o(i.SD_WriteMultiBlocks)
    SPI1_ReadWriteByte                       0x080047d1   Thumb Code    78  w25q64.o(i.SPI1_ReadWriteByte)
    SPI1_SetSpeed                            0x08004825   Thumb Code    36  w25q64.o(i.SPI1_SetSpeed)
    SPI_Cmd                                  0x0800484d   Thumb Code    24  stm32f10x_spi.o(i.SPI_Cmd)
    SPI_I2S_DMACmd                           0x08004865   Thumb Code    18  stm32f10x_spi.o(i.SPI_I2S_DMACmd)
    SPI_I2S_GetFlagStatus                    0x08004877   Thumb Code    18  stm32f10x_spi.o(i.SPI_I2S_GetFlagStatus)
    SPI_I2S_ReceiveData                      0x08004889   Thumb Code     6  stm32f10x_spi.o(i.SPI_I2S_ReceiveData)
    SPI_I2S_SendData                         0x0800488f   Thumb Code     4  stm32f10x_spi.o(i.SPI_I2S_SendData)
    SPI_Init                                 0x08004893   Thumb Code    60  stm32f10x_spi.o(i.SPI_Init)
    SVC_Handler                              0x080048cf   Thumb Code     2  stm32f10x_it.o(i.SVC_Handler)
    Show_Font                                0x080049b9   Thumb Code   188  text.o(i.Show_Font)
    Show_Menu_All                            0x08004a75   Thumb Code    64  interface.o(i.Show_Menu_All)
    Show_Menu_One                            0x08004ab5   Thumb Code    64  interface.o(i.Show_Menu_One)
    Show_Str                                 0x08004af5   Thumb Code   202  text.o(i.Show_Str)
    SysTick_CLKSourceConfig                  0x08004bbf   Thumb Code    40  misc.o(i.SysTick_CLKSourceConfig)
    SysTick_Handler                          0x08004be7   Thumb Code     2  stm32f10x_it.o(i.SysTick_Handler)
    SystemInit                               0x08004be9   Thumb Code    78  system_stm32f10x.o(i.SystemInit)
    TIM7_IRQHandler                          0x08004d11   Thumb Code    40  usart.o(i.TIM7_IRQHandler)
    TIM7_Set                                 0x08004d41   Thumb Code    34  usart.o(i.TIM7_Set)
    TIM_ClearITPendingBit                    0x08004d69   Thumb Code     6  stm32f10x_tim.o(i.TIM_ClearITPendingBit)
    TIM_Cmd                                  0x08004d6f   Thumb Code    24  stm32f10x_tim.o(i.TIM_Cmd)
    TIM_GetITStatus                          0x08004d87   Thumb Code    34  stm32f10x_tim.o(i.TIM_GetITStatus)
    TIM_SetCounter                           0x08004da9   Thumb Code     4  stm32f10x_tim.o(i.TIM_SetCounter)
    UART4_IRQHandler                         0x08004e11   Thumb Code    84  usart.o(i.UART4_IRQHandler)
    USART1_IRQHandler                        0x08004e75   Thumb Code   122  usart.o(i.USART1_IRQHandler)
    USART_Cmd                                0x08004efd   Thumb Code    24  stm32f10x_usart.o(i.USART_Cmd)
    USART_GetITStatus                        0x08004f15   Thumb Code    84  stm32f10x_usart.o(i.USART_GetITStatus)
    USART_ITConfig                           0x08004f69   Thumb Code    74  stm32f10x_usart.o(i.USART_ITConfig)
    USART_Init                               0x08004fb5   Thumb Code   210  stm32f10x_usart.o(i.USART_Init)
    USART_ReceiveData                        0x0800508d   Thumb Code    10  stm32f10x_usart.o(i.USART_ReceiveData)
    UsageFault_Handler                       0x08005097   Thumb Code     4  stm32f10x_it.o(i.UsageFault_Handler)
    User_Main_InterFace                      0x0800509d   Thumb Code   398  interface.o(i.User_Main_InterFace)
    User_Modules_InterFace                   0x08005269   Thumb Code   252  interface.o(i.User_Modules_InterFace)
    W25QXX_Erase_Sector                      0x08005381   Thumb Code    70  w25q64.o(i.W25QXX_Erase_Sector)
    W25QXX_Read                              0x080053d9   Thumb Code    74  w25q64.o(i.W25QXX_Read)
    W25QXX_ReadID                            0x08005429   Thumb Code    64  w25q64.o(i.W25QXX_ReadID)
    W25QXX_ReadSR                            0x08005471   Thumb Code    36  w25q64.o(i.W25QXX_ReadSR)
    W25QXX_WAKEUP                            0x0800549d   Thumb Code    30  w25q64.o(i.W25QXX_WAKEUP)
    W25QXX_Wait_Busy                         0x080054c5   Thumb Code    18  w25q64.o(i.W25QXX_Wait_Busy)
    W25QXX_Write                             0x080054d9   Thumb Code   180  w25q64.o(i.W25QXX_Write)
    W25QXX_Write_Enable                      0x08005591   Thumb Code    24  w25q64.o(i.W25QXX_Write_Enable)
    W25QXX_Write_NoCheck                     0x080055b1   Thumb Code    70  w25q64.o(i.W25QXX_Write_NoCheck)
    W25QXX_Write_Page                        0x080055f9   Thumb Code    80  w25q64.o(i.W25QXX_Write_Page)
    W25Qxx_SPIAndIO_Init                     0x0800564d   Thumb Code   236  w25q64.o(i.W25Qxx_SPIAndIO_Init)
    __0printf                                0x08005751   Thumb Code    22  printfa.o(i.__0printf)
    __1printf                                0x08005751   Thumb Code     0  printfa.o(i.__0printf)
    __2printf                                0x08005751   Thumb Code     0  printfa.o(i.__0printf)
    __c89printf                              0x08005751   Thumb Code     0  printfa.o(i.__0printf)
    printf                                   0x08005751   Thumb Code     0  printfa.o(i.__0printf)
    __0sprintf                               0x08005771   Thumb Code    34  printfa.o(i.__0sprintf)
    __1sprintf                               0x08005771   Thumb Code     0  printfa.o(i.__0sprintf)
    __2sprintf                               0x08005771   Thumb Code     0  printfa.o(i.__0sprintf)
    __c89sprintf                             0x08005771   Thumb Code     0  printfa.o(i.__0sprintf)
    sprintf                                  0x08005771   Thumb Code     0  printfa.o(i.__0sprintf)
    __scatterload_copy                       0x08005799   Thumb Code    14  handlers.o(i.__scatterload_copy)
    __scatterload_null                       0x080057a7   Thumb Code     2  handlers.o(i.__scatterload_null)
    __scatterload_zeroinit                   0x080057a9   Thumb Code    14  handlers.o(i.__scatterload_zeroinit)
    ai_draw_init                             0x0800604d   Thumb Code   264  piclib.o(i.ai_draw_init)
    ai_load_picfile                          0x08006159   Thumb Code   206  piclib.o(i.ai_load_picfile)
    char_upper                               0x08006591   Thumb Code    26  exfuns.o(i.char_upper)
    clust2sect                               0x08006683   Thumb Code    26  ff.o(i.clust2sect)
    convert_from_bytes_to_power_of_two       0x0800672d   Thumb Code    18  sd.o(i.convert_from_bytes_to_power_of_two)
    delay_init                               0x08006c2d   Thumb Code    50  delay.o(i.delay_init)
    delay_ms                                 0x08006c71   Thumb Code    72  delay.o(i.delay_ms)
    delay_us                                 0x08006cbd   Thumb Code    72  delay.o(i.delay_us)
    dir_sdi                                  0x0800714d   Thumb Code   158  ff.o(i.dir_sdi)
    disk_initialize                          0x080071ed   Thumb Code    62  diskio.o(i.disk_initialize)
    disk_ioctl                               0x08007231   Thumb Code   170  diskio.o(i.disk_ioctl)
    disk_read                                0x080072e5   Thumb Code   122  diskio.o(i.disk_read)
    disk_status                              0x0800735f   Thumb Code     6  diskio.o(i.disk_status)
    disk_write                               0x08007365   Thumb Code   122  diskio.o(i.disk_write)
    exf_getfree                              0x080073df   Thumb Code    74  exfuns.o(i.exf_getfree)
    exfuns_init                              0x08007429   Thumb Code   114  exfuns.o(i.exfuns_init)
    f_close                                  0x080074ad   Thumb Code    32  ff.o(i.f_close)
    f_getfree                                0x080074cd   Thumb Code   258  ff.o(i.f_getfree)
    f_lseek                                  0x080075cf   Thumb Code   684  ff.o(i.f_lseek)
    f_mount                                  0x0800787d   Thumb Code    86  ff.o(i.f_mount)
    f_open                                   0x080078d9   Thumb Code   384  ff.o(i.f_open)
    f_opendir                                0x08007a59   Thumb Code   136  ff.o(i.f_opendir)
    f_read                                   0x08007ae1   Thumb Code   432  ff.o(i.f_read)
    f_readdir                                0x08007c91   Thumb Code   114  ff.o(i.f_readdir)
    f_sync                                   0x08007d03   Thumb Code   176  ff.o(i.f_sync)
    f_typetell                               0x08007db5   Thumb Code   188  exfuns.o(i.f_typetell)
    ff_convert                               0x08007e75   Thumb Code   116  cc936.o(i.ff_convert)
    ff_memalloc                              0x08007ef1   Thumb Code    14  diskio.o(i.ff_memalloc)
    ff_memfree                               0x08007eff   Thumb Code    14  diskio.o(i.ff_memfree)
    ff_wtoupper                              0x08007f0d   Thumb Code    46  cc936.o(i.ff_wtoupper)
    font_init                                0x0800841d   Thumb Code    64  fontupd.o(i.font_init)
    fputc                                    0x08008461   Thumb Code    24  usart.o(i.fputc)
    fupd_prog                                0x0800847d   Thumb Code   110  fontupd.o(i.fupd_prog)
    get_fat                                  0x080085c5   Thumb Code   242  ff.o(i.get_fat)
    get_fattime                              0x080086b7   Thumb Code     4  diskio.o(i.get_fattime)
    gif_check_head                           0x08008815   Thumb Code    88  gif.o(i.gif_check_head)
    gif_clear2bkcolor                        0x0800886d   Thumb Code   496  gif.o(i.gif_clear2bkcolor)
    gif_decode                               0x08008a61   Thumb Code   296  gif.o(i.gif_decode)
    gif_dispimage                            0x08008b8d   Thumb Code   538  gif.o(i.gif_dispimage)
    gif_drawimage                            0x08008db5   Thumb Code   340  gif.o(i.gif_drawimage)
    gif_getdatablock                         0x08008f09   Thumb Code    96  gif.o(i.gif_getdatablock)
    gif_getinfo                              0x08008f69   Thumb Code    70  gif.o(i.gif_getinfo)
    gif_getnextbyte                          0x08008faf   Thumb Code   866  gif.o(i.gif_getnextbyte)
    gif_getnextcode                          0x08009311   Thumb Code   456  gif.o(i.gif_getnextcode)
    gif_getrgb565                            0x080094dd   Thumb Code    28  gif.o(i.gif_getrgb565)
    gif_initlzw                              0x080094f9   Thumb Code   152  gif.o(i.gif_initlzw)
    gif_readcolortbl                         0x08009591   Thumb Code    64  gif.o(i.gif_readcolortbl)
    gif_readextension                        0x080095d1   Thumb Code   160  gif.o(i.gif_readextension)
    gif_recovergctbl                         0x08009671   Thumb Code    38  gif.o(i.gif_recovergctbl)
    gif_savegctbl                            0x08009697   Thumb Code    38  gif.o(i.gif_savegctbl)
    is_element_ok                            0x0800977d   Thumb Code    36  piclib.o(i.is_element_ok)
    jd_decomp                                0x080097a5   Thumb Code   162  tjpgd.o(i.jd_decomp)
    jd_prepare                               0x08009847   Thumb Code   924  tjpgd.o(i.jd_prepare)
    jpeg_freeall                             0x08009be5   Thumb Code    28  tjpgd.o(i.jpeg_freeall)
    jpeg_in_func                             0x08009c0d   Thumb Code    48  tjpgd.o(i.jpeg_in_func)
    jpeg_mallocall                           0x08009c3d   Thumb Code    70  tjpgd.o(i.jpeg_mallocall)
    jpeg_out_func_fill                       0x08009c91   Thumb Code    74  tjpgd.o(i.jpeg_out_func_fill)
    jpeg_out_func_point                      0x08009ce5   Thumb Code   182  tjpgd.o(i.jpeg_out_func_point)
    jpg_decode                               0x08009da5   Thumb Code   232  tjpgd.o(i.jpg_decode)
    main                                     0x08009ec9   Thumb Code   554  main.o(i.main)
    my_mem_free                              0x0800a7c1   Thumb Code    96  malloc.o(i.my_mem_free)
    my_mem_init                              0x0800a82d   Thumb Code    54  malloc.o(i.my_mem_init)
    my_mem_malloc                            0x0800a871   Thumb Code   156  malloc.o(i.my_mem_malloc)
    my_mem_perused                           0x0800a919   Thumb Code    54  malloc.o(i.my_mem_perused)
    myfree                                   0x0800a959   Thumb Code    30  malloc.o(i.myfree)
    mymalloc                                 0x0800a97d   Thumb Code    34  malloc.o(i.mymalloc)
    mymemset                                 0x0800a9a5   Thumb Code    20  malloc.o(i.mymemset)
    pic_get_tnum                             0x0800a9b9   Thumb Code   108  user_fat.o(i.pic_get_tnum)
    pic_memalloc                             0x0800aa25   Thumb Code    14  piclib.o(i.pic_memalloc)
    pic_memfree                              0x0800aa33   Thumb Code    14  piclib.o(i.pic_memfree)
    piclib_draw_hline                        0x0800aab5   Thumb Code    44  piclib.o(i.piclib_draw_hline)
    piclib_fill_color                        0x0800aae1   Thumb Code    44  piclib.o(i.piclib_fill_color)
    piclib_init                              0x0800ab0d   Thumb Code    48  piclib.o(i.piclib_init)
    put_fat                                  0x0800ab55   Thumb Code   322  ff.o(i.put_fat)
    stdbmp_decode                            0x0800ad85   Thumb Code   718  bmp.o(i.stdbmp_decode)
    uart_init                                0x0800b1a5   Thumb Code   152  usart.o(i.uart_init)
    updata_fontx                             0x0800b245   Thumb Code   346  fontupd.o(i.updata_fontx)
    update_font                              0x0800b3a9   Thumb Code   736  fontupd.o(i.update_font)
    ascii_1206                               0x0800b742   Data        1140  tft.o(.constdata)
    ascii_1608                               0x0800bbb6   Data        1520  tft.o(.constdata)
    ascii_2412                               0x0800c1a6   Data        4560  tft.o(.constdata)
    ascii_3216                               0x0800d376   Data        6080  tft.o(.constdata)
    tfont12                                  0x0800eb36   Data           0  tft.o(.constdata)
    tfont16                                  0x0800eb37   Data           0  tft.o(.constdata)
    tfont24                                  0x0800eb38   Data           0  tft.o(.constdata)
    tfont32                                  0x0800eb39   Data           0  tft.o(.constdata)
    memtblsize                               0x0800eb3c   Data           8  malloc.o(.constdata)
    memblksize                               0x0800eb44   Data           8  malloc.o(.constdata)
    memsize                                  0x0800eb4c   Data           8  malloc.o(.constdata)
    FILE_TYPE_TBL                            0x08039858   Data         312  exfuns.o(.constdata)
    GBK24_PATH                               0x08039990   Data           4  fontupd.o(.constdata)
    GBK16_PATH                               0x08039994   Data           4  fontupd.o(.constdata)
    GBK12_PATH                               0x08039998   Data           4  fontupd.o(.constdata)
    UNIGBK_PATH                              0x0803999c   Data           4  fontupd.o(.constdata)
    _aMaskTbl                                0x080399a0   Data          32  gif.o(.constdata)
    _aInterlaceOffset                        0x080399c0   Data           4  gif.o(.constdata)
    _aInterlaceYPos                          0x080399c4   Data           4  gif.o(.constdata)
    Region$$Table$$Base                      0x08039fc0   Number         0  anon$$obj.o(Region$$Table)
    Region$$Table$$Limit                     0x08039fe0   Number         0  anon$$obj.o(Region$$Table)
    sd_size                                  0x20000000   Data           4  main.o(.data)
    res                                      0x20000004   Data           1  main.o(.data)
    TXET_key                                 0x20000005   Data           1  main.o(.data)
    Timeout_Flag                             0x20000006   Data           1  main.o(.data)
    SystemCoreClock                          0x20000008   Data           4  system_stm32f10x.o(.data)
    AHBPrescTable                            0x2000000c   Data          16  system_stm32f10x.o(.data)
    KEY_Flag                                 0x2000001c   Data           1  key.o(.data)
    DMA1_MEM_LEN                             0x2000001e   Data           2  tft.o(.data)
    TransferError                            0x2000002a   Data           1  sd.o(.data)
    TransferEnd                              0x2000002b   Data           1  sd.o(.data)
    tempbuff                                 0x2000002c   Data           4  sd.o(.data)
    mallco_dev                               0x20000030   Data          28  malloc.o(.data)
    InterFace_Flag                           0x2000004c   Data           1  interface.o(.data)
    InterFace_Two_Flag                       0x2000004d   Data           1  interface.o(.data)
    Menu_Main_Num                            0x2000004e   Data           1  interface.o(.data)
    Main_directory                           0x20000050   Data          36  interface.o(.data)
    Menu_SD_Num                              0x20000074   Data           1  interface.o(.data)
    SD_Casd_directory                        0x20000078   Data          60  interface.o(.data)
    Modules_directory                        0x200000b4   Data          84  interface.o(.data)
    __stdout                                 0x20000118   Data           4  usart.o(.data)
    USART_RX_STA                             0x2000011c   Data           2  usart.o(.data)
    UART4_RX_STA                             0x2000011e   Data           2  usart.o(.data)
    FLASH_SECTOR_COUNT                       0x20000120   Data           2  diskio.o(.data)
    fs                                       0x20000130   Data           8  exfuns.o(.data)
    file                                     0x20000138   Data           4  exfuns.o(.data)
    ftemp                                    0x2000013c   Data           4  exfuns.o(.data)
    br                                       0x20000140   Data           4  exfuns.o(.data)
    bw                                       0x20000144   Data           4  exfuns.o(.data)
    fatbuf                                   0x20000148   Data           4  exfuns.o(.data)
    gifdecoding                              0x2000014c   Data           1  gif.o(.data)
    f_jpeg                                   0x20000150   Data           4  tjpgd.o(.data)
    jpeg_dev                                 0x20000154   Data           4  tjpgd.o(.data)
    jpg_buffer                               0x20000158   Data           4  tjpgd.o(.data)
    LCD_Debug_buf                            0x20000170   Data          40  main.o(.bss)
    DMA_InitStructure                        0x20000198   Data          44  tft.o(.bss)
    W25QXX_BUFFER                            0x200001c4   Data        4096  w25q64.o(.bss)
    SDIO_InitStructure                       0x200011c8   Data          24  sd.o(.bss)
    SDIO_CmdInitStructure                    0x200011e0   Data          20  sd.o(.bss)
    SDIO_DataInitStructure                   0x200011f4   Data          24  sd.o(.bss)
    SDCardInfo                               0x20001230   Data          88  sd.o(.bss)
    SDIO_DATA_BUFFER                         0x20001288   Data         512  sd.o(.bss)
    mem1base                                 0x200014a0   Data        8192  malloc.o(.bss)
    mem1mapbase                              0x200034a0   Data         512  malloc.o(.bss)
    Debug_buf                                0x200036a0   Data          40  interface.o(.bss)
    USART_RX_BUF                             0x200036c8   Data         200  usart.o(.bss)
    UART4_TX_BUF                             0x20003790   Data        1024  usart.o(.bss)
    UART4_RX_BUF                             0x20003b90   Data        1024  usart.o(.bss)
    ftinfo                                   0x20003f90   Data          33  fontupd.o(.bss)
    picinfo                                  0x20003fb1   Data          40  piclib.o(.bss)
    pic_phy                                  0x20003fd9   Data          20  piclib.o(.bss)
    __initial_sp                             0x200043f0   Data           0  startup_stm32f10x_hd.o(STACK)
    mem2base                                 0x68000000   Data          32  malloc.o(.ARM.__AT_0x68000000)
    mem2mapbase                              0x68000020   Data           2  malloc.o(.ARM.__AT_0x68000020)



==============================================================================

Memory Map of the image

  Image Entry point : 0x08000131

  Load Region LR_IROM1 (Base: 0x08000000, Size: 0x0003a150, Max: 0x00040000, ABSOLUTE, COMPRESSED[0x0003a078])

    Execution Region ER_IROM1 (Exec base: 0x08000000, Load base: 0x08000000, Size: 0x00039fe0, Max: 0x00040000, ABSOLUTE)

    Exec Addr    Load Addr    Size         Type   Attr      Idx    E Section Name        Object

    0x08000000   0x08000000   0x00000130   Data   RO         3043    RESET               startup_stm32f10x_hd.o
    0x08000130   0x08000130   0x00000000   Code   RO         5782  * .ARM.Collect$$$$00000000  mc_w.l(entry.o)
    0x08000130   0x08000130   0x00000004   Code   RO         6088    .ARM.Collect$$$$00000001  mc_w.l(entry2.o)
    0x08000134   0x08000134   0x00000004   Code   RO         6091    .ARM.Collect$$$$00000004  mc_w.l(entry5.o)
    0x08000138   0x08000138   0x00000000   Code   RO         6093    .ARM.Collect$$$$00000008  mc_w.l(entry7b.o)
    0x08000138   0x08000138   0x00000000   Code   RO         6095    .ARM.Collect$$$$0000000A  mc_w.l(entry8b.o)
    0x08000138   0x08000138   0x00000008   Code   RO         6096    .ARM.Collect$$$$0000000B  mc_w.l(entry9a.o)
    0x08000140   0x08000140   0x00000004   Code   RO         6103    .ARM.Collect$$$$0000000E  mc_w.l(entry12b.o)
    0x08000144   0x08000144   0x00000000   Code   RO         6098    .ARM.Collect$$$$0000000F  mc_w.l(entry10a.o)
    0x08000144   0x08000144   0x00000000   Code   RO         6100    .ARM.Collect$$$$00000011  mc_w.l(entry11a.o)
    0x08000144   0x08000144   0x00000004   Code   RO         6089    .ARM.Collect$$$$00002712  mc_w.l(entry2.o)
    0x08000148   0x08000148   0x00000024   Code   RO         3044    .text               startup_stm32f10x_hd.o
    0x0800016c   0x0800016c   0x00000062   Code   RO         5785    .text               mc_w.l(ldiv.o)
    0x080001ce   0x080001ce   0x00000024   Code   RO         5787    .text               mc_w.l(memcpya.o)
    0x080001f2   0x080001f2   0x00000018   Code   RO         5789    .text               mc_w.l(strcat.o)
    0x0800020a   0x0800020a   0x0000001c   Code   RO         5793    .text               mc_w.l(strcmp.o)
    0x08000226   0x08000226   0x00000012   Code   RO         5795    .text               mc_w.l(strcpy.o)
    0x08000238   0x08000238   0x000000b0   Code   RO         6060    .text               mf_w.l(fadd.o)
    0x080002e8   0x080002e8   0x00000064   Code   RO         6062    .text               mf_w.l(fmul.o)
    0x0800034c   0x0800034c   0x0000007c   Code   RO         6064    .text               mf_w.l(fdiv.o)
    0x080003c8   0x080003c8   0x0000014e   Code   RO         6066    .text               mf_w.l(dadd.o)
    0x08000516   0x08000516   0x000000e4   Code   RO         6068    .text               mf_w.l(dmul.o)
    0x080005fa   0x080005fa   0x000000de   Code   RO         6070    .text               mf_w.l(ddiv.o)
    0x080006d8   0x080006d8   0x00000012   Code   RO         6072    .text               mf_w.l(fflti.o)
    0x080006ea   0x080006ea   0x0000000a   Code   RO         6074    .text               mf_w.l(ffltui.o)
    0x080006f4   0x080006f4   0x00000028   Code   RO         6076    .text               mf_w.l(ffixui.o)
    0x0800071c   0x0800071c   0x0000003e   Code   RO         6078    .text               mf_w.l(dfixi.o)
    0x0800075a   0x0800075a   0x00000026   Code   RO         6080    .text               mf_w.l(f2d.o)
    0x08000780   0x08000780   0x00000038   Code   RO         6082    .text               mf_w.l(d2f.o)
    0x080007b8   0x080007b8   0x00000014   Code   RO         6084    .text               mf_w.l(cfcmple.o)
    0x080007cc   0x080007cc   0x00000014   Code   RO         6086    .text               mf_w.l(cfrcmple.o)
    0x080007e0   0x080007e0   0x0000002c   Code   RO         6104    .text               mc_w.l(uidiv.o)
    0x0800080c   0x0800080c   0x00000062   Code   RO         6106    .text               mc_w.l(uldiv.o)
    0x0800086e   0x0800086e   0x0000001e   Code   RO         6108    .text               mc_w.l(llshl.o)
    0x0800088c   0x0800088c   0x00000020   Code   RO         6110    .text               mc_w.l(llushr.o)
    0x080008ac   0x080008ac   0x00000024   Code   RO         6112    .text               mc_w.l(llsshr.o)
    0x080008d0   0x080008d0   0x00000000   Code   RO         6114    .text               mc_w.l(iusefp.o)
    0x080008d0   0x080008d0   0x0000006e   Code   RO         6115    .text               mf_w.l(fepilogue.o)
    0x0800093e   0x0800093e   0x000000ba   Code   RO         6117    .text               mf_w.l(depilogue.o)
    0x080009f8   0x080009f8   0x00000030   Code   RO         6119    .text               mf_w.l(dfixul.o)
    0x08000a28   0x08000a28   0x00000030   Code   RO         6121    .text               mf_w.l(cdrcmple.o)
    0x08000a58   0x08000a58   0x00000024   Code   RO         6123    .text               mc_w.l(init.o)
    0x08000a7c   0x08000a7c   0x00000056   Code   RO         6133    .text               mc_w.l(__dczerorl2.o)
    0x08000ad2   0x08000ad2   0x00000016   Code   RO         5566    i.ADC_Cmd           stm32f10x_adc.o
    0x08000ae8   0x08000ae8   0x0000005c   Code   RO         5568    i.ADC_DeInit        stm32f10x_adc.o
    0x08000b44   0x08000b44   0x00000014   Code   RO         5574    i.ADC_GetCalibrationStatus  stm32f10x_adc.o
    0x08000b58   0x08000b58   0x00000008   Code   RO         5575    i.ADC_GetConversionValue  stm32f10x_adc.o
    0x08000b60   0x08000b60   0x00000012   Code   RO         5577    i.ADC_GetFlagStatus  stm32f10x_adc.o
    0x08000b72   0x08000b72   0x00000014   Code   RO         5580    i.ADC_GetResetCalibrationStatus  stm32f10x_adc.o
    0x08000b86   0x08000b86   0x00000002   PAD
    0x08000b88   0x08000b88   0x00000050   Code   RO         5584    i.ADC_Init          stm32f10x_adc.o
    0x08000bd8   0x08000bd8   0x000000b8   Code   RO         5588    i.ADC_RegularChannelConfig  stm32f10x_adc.o
    0x08000c90   0x08000c90   0x0000000a   Code   RO         5589    i.ADC_ResetCalibration  stm32f10x_adc.o
    0x08000c9a   0x08000c9a   0x00000016   Code   RO         5591    i.ADC_SoftwareStartConvCmd  stm32f10x_adc.o
    0x08000cb0   0x08000cb0   0x0000000a   Code   RO         5593    i.ADC_StartCalibration  stm32f10x_adc.o
    0x08000cba   0x08000cba   0x00000002   PAD
    0x08000cbc   0x08000cbc   0x00000024   Code   RO         5595    i.ADC_TempSensorVrefintCmd  stm32f10x_adc.o
    0x08000ce0   0x08000ce0   0x00000004   Code   RO          207    i.BusFault_Handler  stm32f10x_it.o
    0x08000ce4   0x08000ce4   0x00000030   Code   RO          709    i.CmdError          sd.o
    0x08000d14   0x08000d14   0x00000060   Code   RO          710    i.CmdResp1Error     sd.o
    0x08000d74   0x08000d74   0x00000054   Code   RO          711    i.CmdResp2Error     sd.o
    0x08000dc8   0x08000dc8   0x00000038   Code   RO          712    i.CmdResp3Error     sd.o
    0x08000e00   0x08000e00   0x00000090   Code   RO          713    i.CmdResp6Error     sd.o
    0x08000e90   0x08000e90   0x0000004c   Code   RO          714    i.CmdResp7Error     sd.o
    0x08000edc   0x08000edc   0x0000001c   Code   RO         3812    i.DMA_ClearFlag     stm32f10x_dma.o
    0x08000ef8   0x08000ef8   0x00000018   Code   RO         3814    i.DMA_Cmd           stm32f10x_dma.o
    0x08000f10   0x08000f10   0x0000014c   Code   RO         3815    i.DMA_DeInit        stm32f10x_dma.o
    0x0800105c   0x0800105c   0x0000002c   Code   RO         3817    i.DMA_GetFlagStatus  stm32f10x_dma.o
    0x08001088   0x08001088   0x0000003c   Code   RO         3820    i.DMA_Init          stm32f10x_dma.o
    0x080010c4   0x080010c4   0x00000004   Code   RO         3821    i.DMA_SetCurrDataCounter  stm32f10x_dma.o
    0x080010c8   0x080010c8   0x00000002   Code   RO          208    i.DebugMon_Handler  stm32f10x_it.o
    0x080010ca   0x080010ca   0x00000002   PAD
    0x080010cc   0x080010cc   0x0000005c   Code   RO          304    i.EXTI15_10_IRQHandler  key.o
    0x08001128   0x08001128   0x0000000c   Code   RO         3885    i.EXTI_ClearITPendingBit  stm32f10x_exti.o
    0x08001134   0x08001134   0x00000028   Code   RO         3889    i.EXTI_GetITStatus  stm32f10x_exti.o
    0x0800115c   0x0800115c   0x00000094   Code   RO         3890    i.EXTI_Init         stm32f10x_exti.o
    0x080011f0   0x080011f0   0x00000194   Code   RO          715    i.FindSCR           sd.o
    0x08001384   0x08001384   0x00000040   Code   RO         3087    i.GPIO_EXTILineConfig  stm32f10x_gpio.o
    0x080013c4   0x080013c4   0x00000116   Code   RO         3090    i.GPIO_Init         stm32f10x_gpio.o
    0x080014da   0x080014da   0x00000002   PAD
    0x080014dc   0x080014dc   0x00000090   Code   RO         3092    i.GPIO_PinRemapConfig  stm32f10x_gpio.o
    0x0800156c   0x0800156c   0x00000012   Code   RO         3094    i.GPIO_ReadInputDataBit  stm32f10x_gpio.o
    0x0800157e   0x0800157e   0x00000004   Code   RO         3097    i.GPIO_ResetBits    stm32f10x_gpio.o
    0x08001582   0x08001582   0x00000004   Code   RO         3098    i.GPIO_SetBits      stm32f10x_gpio.o
    0x08001586   0x08001586   0x00000002   PAD
    0x08001588   0x08001588   0x000000e0   Code   RO         2637    i.Get_HzMat         text.o
    0x08001668   0x08001668   0x00000088   Code   RO         1144    i.Get_Temprate      adc.o
    0x080016f0   0x080016f0   0x00000004   Code   RO          209    i.HardFault_Handler  stm32f10x_it.o
    0x080016f4   0x080016f4   0x00000050   Code   RO         1176    i.IIC_ReceiveByte   power.o
    0x08001744   0x08001744   0x00000054   Code   RO         1178    i.IIC_SendByte      power.o
    0x08001798   0x08001798   0x0000002c   Code   RO         1179    i.IIC_SendNoAck     power.o
    0x080017c4   0x080017c4   0x00000040   Code   RO         1180    i.IIC_Start         power.o
    0x08001804   0x08001804   0x00000034   Code   RO         1181    i.IIC_Stop          power.o
    0x08001838   0x08001838   0x00000050   Code   RO         1182    i.IIC_WaitAck       power.o
    0x08001888   0x08001888   0x00000004   Code   RO         1408    i.INTX_DISABLE      sys.o
    0x0800188c   0x0800188c   0x00000004   Code   RO         1409    i.INTX_ENABLE       sys.o
    0x08001890   0x08001890   0x0000007c   Code   RO         1185    i.IP5328P_BatCurrent  power.o
    0x0800190c   0x0800190c   0x00000084   Code   RO         1187    i.IP5328P_BatVoltage  power.o
    0x08001990   0x08001990   0x0000003c   Code   RO         1196    i.IP5328P_Read      power.o
    0x080019cc   0x080019cc   0x0000000a   Code   RO         1205    i.IP5328_delay      power.o
    0x080019d6   0x080019d6   0x00000002   PAD
    0x080019d8   0x080019d8   0x0000009c   Code   RO          716    i.IsCardProgramming  sd.o
    0x08001a74   0x08001a74   0x000000c4   Code   RO          305    i.Key_IO_Init       key.o
    0x08001b38   0x08001b38   0x00000066   Code   RO          413    i.LCDDebug          tft.o
    0x08001b9e   0x08001b9e   0x0000003a   Code   RO          414    i.LCD_Address_Set   tft.o
    0x08001bd8   0x08001bd8   0x000000f0   Code   RO          415    i.LCD_Color_Fill    tft.o
    0x08001cc8   0x08001cc8   0x000000ac   Code   RO          416    i.LCD_DrawLine      tft.o
    0x08001d74   0x08001d74   0x0000001c   Code   RO          417    i.LCD_DrawPoint     tft.o
    0x08001d90   0x08001d90   0x0000004a   Code   RO          418    i.LCD_DrawRectangle  tft.o
    0x08001dda   0x08001dda   0x00000002   PAD
    0x08001ddc   0x08001ddc   0x000000ec   Code   RO          419    i.LCD_Fill          tft.o
    0x08001ec8   0x08001ec8   0x000001b0   Code   RO          420    i.LCD_Init          tft.o
    0x08002078   0x08002078   0x00000158   Code   RO          421    i.LCD_ShowChar      tft.o
    0x080021d0   0x080021d0   0x00000064   Code   RO          430    i.LCD_ShowString    tft.o
    0x08002234   0x08002234   0x00000012   Code   RO          431    i.LCD_WR_DATA       tft.o
    0x08002246   0x08002246   0x0000000c   Code   RO          432    i.LCD_WR_DATA8      tft.o
    0x08002252   0x08002252   0x00000002   PAD
    0x08002254   0x08002254   0x00000024   Code   RO          433    i.LCD_WR_REG        tft.o
    0x08002278   0x08002278   0x00000028   Code   RO          434    i.LCD_Writ_Bus      tft.o
    0x080022a0   0x080022a0   0x0000008c   Code   RO          979    i.Load_Animation    interface.o
    0x0800232c   0x0800232c   0x0000007c   Code   RO         1145    i.MCU_Temperature_ADC_Init  adc.o
    0x080023a8   0x080023a8   0x00000060   Code   RO          436    i.MYDMA_Config1     tft.o
    0x08002408   0x08002408   0x00000028   Code   RO          437    i.MYDMA_Enable      tft.o
    0x08002430   0x08002430   0x00000004   Code   RO          210    i.MemManage_Handler  stm32f10x_it.o
    0x08002434   0x08002434   0x00000002   Code   RO          211    i.NMI_Handler       stm32f10x_it.o
    0x08002436   0x08002436   0x00000002   PAD
    0x08002438   0x08002438   0x00000070   Code   RO         3048    i.NVIC_Init         misc.o
    0x080024a8   0x080024a8   0x00000014   Code   RO         3049    i.NVIC_PriorityGroupConfig  misc.o
    0x080024bc   0x080024bc   0x00000002   Code   RO          212    i.PendSV_Handler    stm32f10x_it.o
    0x080024be   0x080024be   0x00000002   PAD
    0x080024c0   0x080024c0   0x00000034   Code   RO         1206    i.Power_Get_Init    power.o
    0x080024f4   0x080024f4   0x00000018   Code   RO         3198    i.RCC_ADCCLKConfig  stm32f10x_rcc.o
    0x0800250c   0x0800250c   0x00000020   Code   RO         3199    i.RCC_AHBPeriphClockCmd  stm32f10x_rcc.o
    0x0800252c   0x0800252c   0x00000020   Code   RO         3200    i.RCC_APB1PeriphClockCmd  stm32f10x_rcc.o
    0x0800254c   0x0800254c   0x00000020   Code   RO         3202    i.RCC_APB2PeriphClockCmd  stm32f10x_rcc.o
    0x0800256c   0x0800256c   0x00000020   Code   RO         3203    i.RCC_APB2PeriphResetCmd  stm32f10x_rcc.o
    0x0800258c   0x0800258c   0x000000d4   Code   RO         3210    i.RCC_GetClocksFreq  stm32f10x_rcc.o
    0x08002660   0x08002660   0x00000034   Code   RO          396    i.RGB_IO_Init       led.o
    0x08002694   0x08002694   0x0000001c   Code   RO         1207    i.SDA_IN            power.o
    0x080026b0   0x080026b0   0x00000024   Code   RO         1208    i.SDA_OUT           power.o
    0x080026d4   0x080026d4   0x000000ac   Code   RO          717    i.SDEnWideBus       sd.o
    0x08002780   0x08002780   0x0000000c   Code   RO         4629    i.SDIO_ClearFlag    stm32f10x_sdio.o
    0x0800278c   0x0800278c   0x0000000c   Code   RO         4631    i.SDIO_ClockCmd     stm32f10x_sdio.o
    0x08002798   0x08002798   0x00000014   Code   RO          718    i.SDIO_Clock_Set    sd.o
    0x080027ac   0x080027ac   0x0000000c   Code   RO         4634    i.SDIO_DMACmd       stm32f10x_sdio.o
    0x080027b8   0x080027b8   0x00000030   Code   RO         4635    i.SDIO_DataConfig   stm32f10x_sdio.o
    0x080027e8   0x080027e8   0x00000024   Code   RO         4637    i.SDIO_DeInit       stm32f10x_sdio.o
    0x0800280c   0x0800280c   0x00000018   Code   RO         4641    i.SDIO_GetFlagStatus  stm32f10x_sdio.o
    0x08002824   0x08002824   0x00000010   Code   RO         4643    i.SDIO_GetPowerState  stm32f10x_sdio.o
    0x08002834   0x08002834   0x00000008   Code   RO          719    i.SDIO_IRQHandler   sd.o
    0x0800283c   0x0800283c   0x00000030   Code   RO         4646    i.SDIO_Init         stm32f10x_sdio.o
    0x0800286c   0x0800286c   0x0000000c   Code   RO         4647    i.SDIO_ReadData     stm32f10x_sdio.o
    0x08002878   0x08002878   0x0000002c   Code   RO         4649    i.SDIO_SendCommand  stm32f10x_sdio.o
    0x080028a4   0x080028a4   0x0000001c   Code   RO         4651    i.SDIO_SetPowerState  stm32f10x_sdio.o
    0x080028c0   0x080028c0   0x0000000c   Code   RO         4657    i.SDIO_WriteData    stm32f10x_sdio.o
    0x080028cc   0x080028cc   0x00000158   Code   RO          980    i.SD_Casd_InterFace  interface.o
    0x08002a24   0x08002a24   0x00000068   Code   RO          720    i.SD_DMA_Config     sd.o
    0x08002a8c   0x08002a8c   0x00000068   Code   RO          721    i.SD_EnableWideBusOperation  sd.o
    0x08002af4   0x08002af4   0x00000310   Code   RO          722    i.SD_GetCardInfo    sd.o
    0x08002e04   0x08002e04   0x000001ac   Code   RO         1036    i.SD_IFace_information  sd_iface.o
    0x08002fb0   0x08002fb0   0x000000e4   Code   RO          724    i.SD_Init           sd.o
    0x08003094   0x08003094   0x00000154   Code   RO          725    i.SD_InitializeCards  sd.o
    0x080031e8   0x080031e8   0x00000414   Code   RO         1037    i.SD_Picture_IFace  sd_iface.o
    0x080035fc   0x080035fc   0x000001dc   Code   RO          727    i.SD_PowerON        sd.o
    0x080037d8   0x080037d8   0x0000013c   Code   RO          728    i.SD_ProcessIRQSrc  sd.o
    0x08003914   0x08003914   0x00000258   Code   RO          729    i.SD_ReadBlock      sd.o
    0x08003b6c   0x08003b6c   0x00000098   Code   RO          730    i.SD_ReadDisk       sd.o
    0x08003c04   0x08003c04   0x000002e8   Code   RO          731    i.SD_ReadMultiBlocks  sd.o
    0x08003eec   0x08003eec   0x00000030   Code   RO          732    i.SD_SelectDeselect  sd.o
    0x08003f1c   0x08003f1c   0x00000018   Code   RO          734    i.SD_SetDeviceMode  sd.o
    0x08003f34   0x08003f34   0x000000d0   Code   RO         1038    i.SD_TXET_IFace     sd_iface.o
    0x08004004   0x08004004   0x00000374   Code   RO          735    i.SD_WriteBlock     sd.o
    0x08004378   0x08004378   0x00000098   Code   RO          736    i.SD_WriteDisk      sd.o
    0x08004410   0x08004410   0x000003c0   Code   RO          737    i.SD_WriteMultiBlocks  sd.o
    0x080047d0   0x080047d0   0x00000054   Code   RO          590    i.SPI1_ReadWriteByte  w25q64.o
    0x08004824   0x08004824   0x00000028   Code   RO          591    i.SPI1_SetSpeed     w25q64.o
    0x0800484c   0x0800484c   0x00000018   Code   RO         4819    i.SPI_Cmd           stm32f10x_spi.o
    0x08004864   0x08004864   0x00000012   Code   RO         4825    i.SPI_I2S_DMACmd    stm32f10x_spi.o
    0x08004876   0x08004876   0x00000012   Code   RO         4827    i.SPI_I2S_GetFlagStatus  stm32f10x_spi.o
    0x08004888   0x08004888   0x00000006   Code   RO         4830    i.SPI_I2S_ReceiveData  stm32f10x_spi.o
    0x0800488e   0x0800488e   0x00000004   Code   RO         4831    i.SPI_I2S_SendData  stm32f10x_spi.o
    0x08004892   0x08004892   0x0000003c   Code   RO         4832    i.SPI_Init          stm32f10x_spi.o
    0x080048ce   0x080048ce   0x00000002   Code   RO          213    i.SVC_Handler       stm32f10x_it.o
    0x080048d0   0x080048d0   0x00000008   Code   RO          270    i.SetSysClock       system_stm32f10x.o
    0x080048d8   0x080048d8   0x000000e0   Code   RO          271    i.SetSysClockTo72   system_stm32f10x.o
    0x080049b8   0x080049b8   0x000000bc   Code   RO         2638    i.Show_Font         text.o
    0x08004a74   0x08004a74   0x00000040   Code   RO          981    i.Show_Menu_All     interface.o
    0x08004ab4   0x08004ab4   0x00000040   Code   RO          982    i.Show_Menu_One     interface.o
    0x08004af4   0x08004af4   0x000000ca   Code   RO         2639    i.Show_Str          text.o
    0x08004bbe   0x08004bbe   0x00000028   Code   RO         3052    i.SysTick_CLKSourceConfig  misc.o
    0x08004be6   0x08004be6   0x00000002   Code   RO          214    i.SysTick_Handler   stm32f10x_it.o
    0x08004be8   0x08004be8   0x00000060   Code   RO          273    i.SystemInit        system_stm32f10x.o
    0x08004c48   0x08004c48   0x000000c8   Code   RO          438    i.TFT_SPI_Init      tft.o
    0x08004d10   0x08004d10   0x00000030   Code   RO         1437    i.TIM7_IRQHandler   usart.o
    0x08004d40   0x08004d40   0x00000028   Code   RO         1441    i.TIM7_Set          usart.o
    0x08004d68   0x08004d68   0x00000006   Code   RO         4969    i.TIM_ClearITPendingBit  stm32f10x_tim.o
    0x08004d6e   0x08004d6e   0x00000018   Code   RO         4974    i.TIM_Cmd           stm32f10x_tim.o
    0x08004d86   0x08004d86   0x00000022   Code   RO         4995    i.TIM_GetITStatus   stm32f10x_tim.o
    0x08004da8   0x08004da8   0x00000004   Code   RO         5039    i.TIM_SetCounter    stm32f10x_tim.o
    0x08004dac   0x08004dac   0x00000034   Code   RO         1146    i.T_Get_Adc         adc.o
    0x08004de0   0x08004de0   0x0000002e   Code   RO         1147    i.T_Get_Adc_Average  adc.o
    0x08004e0e   0x08004e0e   0x00000002   PAD
    0x08004e10   0x08004e10   0x00000064   Code   RO         1445    i.UART4_IRQHandler  usart.o
    0x08004e74   0x08004e74   0x00000088   Code   RO         1446    i.USART1_IRQHandler  usart.o
    0x08004efc   0x08004efc   0x00000018   Code   RO         3402    i.USART_Cmd         stm32f10x_usart.o
    0x08004f14   0x08004f14   0x00000054   Code   RO         3406    i.USART_GetITStatus  stm32f10x_usart.o
    0x08004f68   0x08004f68   0x0000004a   Code   RO         3408    i.USART_ITConfig    stm32f10x_usart.o
    0x08004fb2   0x08004fb2   0x00000002   PAD
    0x08004fb4   0x08004fb4   0x000000d8   Code   RO         3409    i.USART_Init        stm32f10x_usart.o
    0x0800508c   0x0800508c   0x0000000a   Code   RO         3416    i.USART_ReceiveData  stm32f10x_usart.o
    0x08005096   0x08005096   0x00000004   Code   RO          215    i.UsageFault_Handler  stm32f10x_it.o
    0x0800509a   0x0800509a   0x00000002   PAD
    0x0800509c   0x0800509c   0x000001cc   Code   RO          983    i.User_Main_InterFace  interface.o
    0x08005268   0x08005268   0x00000118   Code   RO          984    i.User_Modules_InterFace  interface.o
    0x08005380   0x08005380   0x00000058   Code   RO          593    i.W25QXX_Erase_Sector  w25q64.o
    0x080053d8   0x080053d8   0x00000050   Code   RO          595    i.W25QXX_Read       w25q64.o
    0x08005428   0x08005428   0x00000048   Code   RO          596    i.W25QXX_ReadID     w25q64.o
    0x08005470   0x08005470   0x0000002c   Code   RO          597    i.W25QXX_ReadSR     w25q64.o
    0x0800549c   0x0800549c   0x00000028   Code   RO          598    i.W25QXX_WAKEUP     w25q64.o
    0x080054c4   0x080054c4   0x00000012   Code   RO          599    i.W25QXX_Wait_Busy  w25q64.o
    0x080054d6   0x080054d6   0x00000002   PAD
    0x080054d8   0x080054d8   0x000000b8   Code   RO          600    i.W25QXX_Write      w25q64.o
    0x08005590   0x08005590   0x00000020   Code   RO          602    i.W25QXX_Write_Enable  w25q64.o
    0x080055b0   0x080055b0   0x00000046   Code   RO          603    i.W25QXX_Write_NoCheck  w25q64.o
    0x080055f6   0x080055f6   0x00000002   PAD
    0x080055f8   0x080055f8   0x00000054   Code   RO          604    i.W25QXX_Write_Page  w25q64.o
    0x0800564c   0x0800564c   0x00000104   Code   RO          606    i.W25Qxx_SPIAndIO_Init  w25q64.o
    0x08005750   0x08005750   0x00000020   Code   RO         6032    i.__0printf         mc_w.l(printfa.o)
    0x08005770   0x08005770   0x00000028   Code   RO         6034    i.__0sprintf        mc_w.l(printfa.o)
    0x08005798   0x08005798   0x0000000e   Code   RO         6127    i.__scatterload_copy  mc_w.l(handlers.o)
    0x080057a6   0x080057a6   0x00000002   Code   RO         6128    i.__scatterload_null  mc_w.l(handlers.o)
    0x080057a8   0x080057a8   0x0000000e   Code   RO         6129    i.__scatterload_zeroinit  mc_w.l(handlers.o)
    0x080057b6   0x080057b6   0x00000002   PAD
    0x080057b8   0x080057b8   0x00000184   Code   RO         6039    i._fp_digits        mc_w.l(printfa.o)
    0x0800593c   0x0800593c   0x000006b4   Code   RO         6040    i._printf_core      mc_w.l(printfa.o)
    0x08005ff0   0x08005ff0   0x00000024   Code   RO         6041    i._printf_post_padding  mc_w.l(printfa.o)
    0x08006014   0x08006014   0x0000002e   Code   RO         6042    i._printf_pre_padding  mc_w.l(printfa.o)
    0x08006042   0x08006042   0x0000000a   Code   RO         6044    i._sputc            mc_w.l(printfa.o)
    0x0800604c   0x0800604c   0x0000010c   Code   RO         2838    i.ai_draw_init      piclib.o
    0x08006158   0x08006158   0x000000e0   Code   RO         2839    i.ai_load_picfile   piclib.o
    0x08006238   0x08006238   0x0000001e   Code   RO         2908    i.alloc_pool        tjpgd.o
    0x08006256   0x08006256   0x00000090   Code   RO         2909    i.bitext            tjpgd.o
    0x080062e6   0x080062e6   0x00000002   PAD
    0x080062e8   0x080062e8   0x000002a8   Code   RO         2910    i.block_idct        tjpgd.o
    0x08006590   0x08006590   0x0000001a   Code   RO         2390    i.char_upper        exfuns.o
    0x080065aa   0x080065aa   0x00000002   PAD
    0x080065ac   0x080065ac   0x00000090   Code   RO         2005    i.check_fs          ff.o
    0x0800663c   0x0800663c   0x00000014   Code   RO         2006    i.chk_chr           ff.o
    0x08006650   0x08006650   0x00000032   Code   RO         2007    i.clmt_clust        ff.o
    0x08006682   0x08006682   0x0000001a   Code   RO         2008    i.clust2sect        ff.o
    0x0800669c   0x0800669c   0x00000090   Code   RO         2009    i.cmp_lfn           ff.o
    0x0800672c   0x0800672c   0x00000012   Code   RO          738    i.convert_from_bytes_to_power_of_two  sd.o
    0x0800673e   0x0800673e   0x000000d6   Code   RO         2010    i.create_chain      ff.o
    0x08006814   0x08006814   0x00000134   Code   RO         2911    i.create_huffman_tbl  tjpgd.o
    0x08006948   0x08006948   0x00000270   Code   RO         2011    i.create_name       ff.o
    0x08006bb8   0x08006bb8   0x00000074   Code   RO         2912    i.create_qt_tbl     tjpgd.o
    0x08006c2c   0x08006c2c   0x00000044   Code   RO         1381    i.delay_init        delay.o
    0x08006c70   0x08006c70   0x0000004c   Code   RO         1382    i.delay_ms          delay.o
    0x08006cbc   0x08006cbc   0x0000004c   Code   RO         1383    i.delay_us          delay.o
    0x08006d08   0x08006d08   0x0000005c   Code   RO         2012    i.dir_alloc         ff.o
    0x08006d64   0x08006d64   0x000000ea   Code   RO         2013    i.dir_find          ff.o
    0x08006e4e   0x08006e4e   0x0000010e   Code   RO         2014    i.dir_next          ff.o
    0x08006f5c   0x08006f5c   0x000000c6   Code   RO         2015    i.dir_read          ff.o
    0x08007022   0x08007022   0x0000012a   Code   RO         2016    i.dir_register      ff.o
    0x0800714c   0x0800714c   0x0000009e   Code   RO         2018    i.dir_sdi           ff.o
    0x080071ea   0x080071ea   0x00000002   PAD
    0x080071ec   0x080071ec   0x00000044   Code   RO         1938    i.disk_initialize   diskio.o
    0x08007230   0x08007230   0x000000b4   Code   RO         1939    i.disk_ioctl        diskio.o
    0x080072e4   0x080072e4   0x0000007a   Code   RO         1940    i.disk_read         diskio.o
    0x0800735e   0x0800735e   0x00000006   Code   RO         1941    i.disk_status       diskio.o
    0x08007364   0x08007364   0x0000007a   Code   RO         1942    i.disk_write        diskio.o
    0x080073de   0x080073de   0x0000004a   Code   RO         2391    i.exf_getfree       exfuns.o
    0x08007428   0x08007428   0x00000084   Code   RO         2392    i.exfuns_init       exfuns.o
    0x080074ac   0x080074ac   0x00000020   Code   RO         2020    i.f_close           ff.o
    0x080074cc   0x080074cc   0x00000102   Code   RO         2022    i.f_getfree         ff.o
    0x080075ce   0x080075ce   0x000002ac   Code   RO         2025    i.f_lseek           ff.o
    0x0800787a   0x0800787a   0x00000002   PAD
    0x0800787c   0x0800787c   0x0000005c   Code   RO         2028    i.f_mount           ff.o
    0x080078d8   0x080078d8   0x00000180   Code   RO         2029    i.f_open            ff.o
    0x08007a58   0x08007a58   0x00000088   Code   RO         2030    i.f_opendir         ff.o
    0x08007ae0   0x08007ae0   0x000001b0   Code   RO         2034    i.f_read            ff.o
    0x08007c90   0x08007c90   0x00000072   Code   RO         2035    i.f_readdir         ff.o
    0x08007d02   0x08007d02   0x000000b0   Code   RO         2039    i.f_sync            ff.o
    0x08007db2   0x08007db2   0x00000002   PAD
    0x08007db4   0x08007db4   0x000000c0   Code   RO         2393    i.f_typetell        exfuns.o
    0x08007e74   0x08007e74   0x0000007c   Code   RO         2363    i.ff_convert        cc936.o
    0x08007ef0   0x08007ef0   0x0000000e   Code   RO         1943    i.ff_memalloc       diskio.o
    0x08007efe   0x08007efe   0x0000000e   Code   RO         1944    i.ff_memfree        diskio.o
    0x08007f0c   0x08007f0c   0x00000038   Code   RO         2364    i.ff_wtoupper       cc936.o
    0x08007f44   0x08007f44   0x000003c8   Code   RO         2044    i.find_volume       ff.o
    0x0800830c   0x0800830c   0x00000080   Code   RO         2045    i.fit_lfn           ff.o
    0x0800838c   0x0800838c   0x00000090   Code   RO         2046    i.follow_path       ff.o
    0x0800841c   0x0800841c   0x00000044   Code   RO         2591    i.font_init         fontupd.o
    0x08008460   0x08008460   0x0000001c   Code   RO         1450    i.fputc             usart.o
    0x0800847c   0x0800847c   0x0000007c   Code   RO         2592    i.fupd_prog         fontupd.o
    0x080084f8   0x080084f8   0x000000cc   Code   RO         2047    i.gen_numname       ff.o
    0x080085c4   0x080085c4   0x000000f2   Code   RO         2048    i.get_fat           ff.o
    0x080086b6   0x080086b6   0x00000004   Code   RO         1945    i.get_fattime       diskio.o
    0x080086ba   0x080086ba   0x00000110   Code   RO         2049    i.get_fileinfo      ff.o
    0x080087ca   0x080087ca   0x0000004a   Code   RO         2050    i.get_ldnumber      ff.o
    0x08008814   0x08008814   0x00000058   Code   RO         2718    i.gif_check_head    gif.o
    0x0800886c   0x0800886c   0x000001f4   Code   RO         2719    i.gif_clear2bkcolor  gif.o
    0x08008a60   0x08008a60   0x0000012c   Code   RO         2720    i.gif_decode        gif.o
    0x08008b8c   0x08008b8c   0x00000228   Code   RO         2721    i.gif_dispimage     gif.o
    0x08008db4   0x08008db4   0x00000154   Code   RO         2722    i.gif_drawimage     gif.o
    0x08008f08   0x08008f08   0x00000060   Code   RO         2723    i.gif_getdatablock  gif.o
    0x08008f68   0x08008f68   0x00000046   Code   RO         2724    i.gif_getinfo       gif.o
    0x08008fae   0x08008fae   0x00000362   Code   RO         2725    i.gif_getnextbyte   gif.o
    0x08009310   0x08009310   0x000001cc   Code   RO         2726    i.gif_getnextcode   gif.o
    0x080094dc   0x080094dc   0x0000001c   Code   RO         2727    i.gif_getrgb565     gif.o
    0x080094f8   0x080094f8   0x00000098   Code   RO         2728    i.gif_initlzw       gif.o
    0x08009590   0x08009590   0x00000040   Code   RO         2730    i.gif_readcolortbl  gif.o
    0x080095d0   0x080095d0   0x000000a0   Code   RO         2731    i.gif_readextension  gif.o
    0x08009670   0x08009670   0x00000026   Code   RO         2732    i.gif_recovergctbl  gif.o
    0x08009696   0x08009696   0x00000026   Code   RO         2733    i.gif_savegctbl     gif.o
    0x080096bc   0x080096bc   0x000000c0   Code   RO         2913    i.huffext           tjpgd.o
    0x0800977c   0x0800977c   0x00000028   Code   RO         2840    i.is_element_ok     piclib.o
    0x080097a4   0x080097a4   0x000000a2   Code   RO         2914    i.jd_decomp         tjpgd.o
    0x08009846   0x08009846   0x0000039c   Code   RO         2915    i.jd_prepare        tjpgd.o
    0x08009be2   0x08009be2   0x00000002   PAD
    0x08009be4   0x08009be4   0x00000028   Code   RO         2916    i.jpeg_freeall      tjpgd.o
    0x08009c0c   0x08009c0c   0x00000030   Code   RO         2917    i.jpeg_in_func      tjpgd.o
    0x08009c3c   0x08009c3c   0x00000054   Code   RO         2918    i.jpeg_mallocall    tjpgd.o
    0x08009c90   0x08009c90   0x00000054   Code   RO         2919    i.jpeg_out_func_fill  tjpgd.o
    0x08009ce4   0x08009ce4   0x000000c0   Code   RO         2920    i.jpeg_out_func_point  tjpgd.o
    0x08009da4   0x08009da4   0x00000104   Code   RO         2921    i.jpg_decode        tjpgd.o
    0x08009ea8   0x08009ea8   0x00000020   Code   RO         2051    i.ld_clust          ff.o
    0x08009ec8   0x08009ec8   0x000002fc   Code   RO            1    i.main              main.o
    0x0800a1c4   0x0800a1c4   0x000001e0   Code   RO         2922    i.mcu_load          tjpgd.o
    0x0800a3a4   0x0800a3a4   0x00000394   Code   RO         2923    i.mcu_output        tjpgd.o
    0x0800a738   0x0800a738   0x00000026   Code   RO         2052    i.mem_cmp           ff.o
    0x0800a75e   0x0800a75e   0x0000001a   Code   RO         2053    i.mem_cpy           ff.o
    0x0800a778   0x0800a778   0x00000014   Code   RO         2054    i.mem_set           ff.o
    0x0800a78c   0x0800a78c   0x00000034   Code   RO         2055    i.move_window       ff.o
    0x0800a7c0   0x0800a7c0   0x0000006c   Code   RO          909    i.my_mem_free       malloc.o
    0x0800a82c   0x0800a82c   0x00000044   Code   RO          910    i.my_mem_init       malloc.o
    0x0800a870   0x0800a870   0x000000a8   Code   RO          911    i.my_mem_malloc     malloc.o
    0x0800a918   0x0800a918   0x00000040   Code   RO          912    i.my_mem_perused    malloc.o
    0x0800a958   0x0800a958   0x00000024   Code   RO          913    i.myfree            malloc.o
    0x0800a97c   0x0800a97c   0x00000028   Code   RO          914    i.mymalloc          malloc.o
    0x0800a9a4   0x0800a9a4   0x00000014   Code   RO          916    i.mymemset          malloc.o
    0x0800a9b8   0x0800a9b8   0x0000006c   Code   RO         1903    i.pic_get_tnum      user_fat.o
    0x0800aa24   0x0800aa24   0x0000000e   Code   RO         2841    i.pic_memalloc      piclib.o
    0x0800aa32   0x0800aa32   0x0000000e   Code   RO         2842    i.pic_memfree       piclib.o
    0x0800aa40   0x0800aa40   0x00000074   Code   RO         2056    i.pick_lfn          ff.o
    0x0800aab4   0x0800aab4   0x0000002c   Code   RO         2844    i.piclib_draw_hline  piclib.o
    0x0800aae0   0x0800aae0   0x0000002c   Code   RO         2845    i.piclib_fill_color  piclib.o
    0x0800ab0c   0x0800ab0c   0x00000048   Code   RO         2846    i.piclib_init       piclib.o
    0x0800ab54   0x0800ab54   0x00000142   Code   RO         2057    i.put_fat           ff.o
    0x0800ac96   0x0800ac96   0x0000006c   Code   RO         2059    i.remove_chain      ff.o
    0x0800ad02   0x0800ad02   0x00000070   Code   RO         2924    i.restart           tjpgd.o
    0x0800ad72   0x0800ad72   0x00000010   Code   RO         2060    i.st_clust          ff.o
    0x0800ad82   0x0800ad82   0x00000002   PAD
    0x0800ad84   0x0800ad84   0x000002e4   Code   RO         2680    i.stdbmp_decode     bmp.o
    0x0800b068   0x0800b068   0x00000020   Code   RO         2061    i.sum_sfn           ff.o
    0x0800b088   0x0800b088   0x000000c8   Code   RO         2062    i.sync_fs           ff.o
    0x0800b150   0x0800b150   0x00000052   Code   RO         2063    i.sync_window       ff.o
    0x0800b1a2   0x0800b1a2   0x00000002   PAD
    0x0800b1a4   0x0800b1a4   0x000000a0   Code   RO         1451    i.uart_init         usart.o
    0x0800b244   0x0800b244   0x00000164   Code   RO         2593    i.updata_fontx      fontupd.o
    0x0800b3a8   0x0800b3a8   0x00000364   Code   RO         2594    i.update_font       fontupd.o
    0x0800b70c   0x0800b70c   0x00000036   Code   RO         2064    i.validate          ff.o
    0x0800b742   0x0800b742   0x000033f8   Data   RO          441    .constdata          tft.o
    0x0800eb3a   0x0800eb3a   0x00000002   PAD
    0x0800eb3c   0x0800eb3c   0x00000018   Data   RO          921    .constdata          malloc.o
    0x0800eb54   0x0800eb54   0x0000003a   Data   RO         2065    .constdata          ff.o
    0x0800eb8e   0x0800eb8e   0x0002acc8   Data   RO         2365    .constdata          cc936.o
    0x08039856   0x08039856   0x00000002   PAD
    0x08039858   0x08039858   0x00000138   Data   RO         2395    .constdata          exfuns.o
    0x08039990   0x08039990   0x00000010   Data   RO         2596    .constdata          fontupd.o
    0x080399a0   0x080399a0   0x00000028   Data   RO         2734    .constdata          gif.o
    0x080399c8   0x080399c8   0x000004c0   Data   RO         2925    .constdata          tjpgd.o
    0x08039e88   0x08039e88   0x00000076   Data   RO          986    .conststring        interface.o
    0x08039efe   0x08039efe   0x00000002   PAD
    0x08039f00   0x08039f00   0x00000060   Data   RO         2396    .conststring        exfuns.o
    0x08039f60   0x08039f60   0x0000005f   Data   RO         2597    .conststring        fontupd.o
    0x08039fbf   0x08039fbf   0x00000001   PAD
    0x08039fc0   0x08039fc0   0x00000020   Data   RO         6125    Region$$Table       anon$$obj.o


    Execution Region RW_IRAM1 (Exec base: 0x20000000, Load base: 0x08039fe0, Size: 0x000043f0, Max: 0x0000c000, ABSOLUTE, COMPRESSED[0x00000098])

    Exec Addr    Load Addr    Size         Type   Attr      Idx    E Section Name        Object

    0x20000000   COMPRESSED   0x00000007   Data   RW            3    .data               main.o
    0x20000007   COMPRESSED   0x00000001   PAD
    0x20000008   COMPRESSED   0x00000014   Data   RW          274    .data               system_stm32f10x.o
    0x2000001c   COMPRESSED   0x00000001   Data   RW          306    .data               key.o
    0x2000001d   COMPRESSED   0x00000001   PAD
    0x2000001e   COMPRESSED   0x00000002   Data   RW          442    .data               tft.o
    0x20000020   COMPRESSED   0x00000010   Data   RW          740    .data               sd.o
    0x20000030   COMPRESSED   0x0000001c   Data   RW          922    .data               malloc.o
    0x2000004c   COMPRESSED   0x000000c2   Data   RW          987    .data               interface.o
    0x2000010e   COMPRESSED   0x00000004   Data   RW         1040    .data               sd_iface.o
    0x20000112   COMPRESSED   0x00000004   Data   RW         1384    .data               delay.o
    0x20000116   COMPRESSED   0x00000002   PAD
    0x20000118   COMPRESSED   0x00000008   Data   RW         1453    .data               usart.o
    0x20000120   COMPRESSED   0x00000002   Data   RW         1946    .data               diskio.o
    0x20000122   COMPRESSED   0x00000002   PAD
    0x20000124   COMPRESSED   0x0000000a   Data   RW         2066    .data               ff.o
    0x2000012e   COMPRESSED   0x00000002   PAD
    0x20000130   COMPRESSED   0x0000001c   Data   RW         2397    .data               exfuns.o
    0x2000014c   COMPRESSED   0x00000001   Data   RW         2735    .data               gif.o
    0x2000014d   COMPRESSED   0x00000003   PAD
    0x20000150   COMPRESSED   0x0000000c   Data   RW         2926    .data               tjpgd.o
    0x2000015c   COMPRESSED   0x00000014   Data   RW         3230    .data               stm32f10x_rcc.o
    0x20000170        -       0x00000028   Zero   RW            2    .bss                main.o
    0x20000198        -       0x0000002c   Zero   RW          440    .bss                tft.o
    0x200001c4        -       0x00001000   Zero   RW          607    .bss                w25q64.o
    0x200011c4   COMPRESSED   0x00000004   PAD
    0x200011c8        -       0x000002c0   Zero   RW          739    .bss                sd.o
    0x20001488   COMPRESSED   0x00000018   PAD
    0x200014a0        -       0x00002200   Zero   RW          920    .bss                malloc.o
    0x200036a0        -       0x00000028   Zero   RW          985    .bss                interface.o
    0x200036c8        -       0x000008c8   Zero   RW         1452    .bss                usart.o
    0x20003f90        -       0x00000021   Zero   RW         2595    .bss                fontupd.o
    0x20003fb1        -       0x0000003c   Zero   RW         2847    .bss                piclib.o
    0x20003fed   COMPRESSED   0x00000003   PAD
    0x20003ff0        -       0x00000400   Zero   RW         3041    STACK               startup_stm32f10x_hd.o



  Load Region LR$$.ARM.__AT_0x68000000 (Base: 0x68000000, Size: 0x00000000, Max: 0x00000020, ABSOLUTE)

    Execution Region ER$$.ARM.__AT_0x68000000 (Exec base: 0x68000000, Load base: 0x68000000, Size: 0x00000020, Max: 0x00000020, ABSOLUTE, UNINIT)

    Exec Addr    Load Addr    Size         Type   Attr      Idx    E Section Name        Object

    0x68000000        -       0x00000020   Zero   RW          918    .ARM.__AT_0x68000000  malloc.o



  Load Region LR$$.ARM.__AT_0x68000020 (Base: 0x68000020, Size: 0x00000000, Max: 0x00000004, ABSOLUTE)

    Execution Region ER$$.ARM.__AT_0x68000020 (Exec base: 0x68000020, Load base: 0x68000020, Size: 0x00000004, Max: 0x00000004, ABSOLUTE, UNINIT)

    Exec Addr    Load Addr    Size         Type   Attr      Idx    E Section Name        Object

    0x68000020        -       0x00000002   Zero   RW          919    .ARM.__AT_0x68000020  malloc.o


==============================================================================

Image component sizes


      Code (inc. data)   RO Data    RW Data    ZI Data      Debug   Object Name

       358         42          0          0          0       2174   adc.o
       740         22          0          0          0       3200   bmp.o
       180         18     175304          0          0       2123   cc936.o
       220         26          0          4          0       1523   delay.o
       530         16          0          2          0       7016   diskio.o
       424         22        408         28          0       6398   exfuns.o
      7910        106         58         10          0      42077   ff.o
      1416        160        111          0         33       5282   fontupd.o
      3752         26         40          1          0      17037   gif.o
      1352        142        118        194         40       5675   interface.o
       288         12          0          1          0     217100   key.o
        52          6          0          0          0        446   led.o
       764        224          0          7         40      78445   main.o
       504         60         24         28       8738       5837   malloc.o
       172         22          0          0          0       2029   misc.o
       720         50          0          0         60       6522   piclib.o
       846         82          0          0          0       6504   power.o
      7198        384          0         16        704      31138   sd.o
      1680        378          0          4          0       3462   sd_iface.o
        36          8        304          0       1024        760   startup_stm32f10x_hd.o
       522         30          0          0          0       8765   stm32f10x_adc.o
       492         26          0          0          0       4971   stm32f10x_dma.o
       200         18          0          0          0       2080   stm32f10x_exti.o
       512         10          0          0          0       4968   stm32f10x_gpio.o
        26          0          0          0          0       3362   stm32f10x_it.o
       364         50          0         20          0       5942   stm32f10x_rcc.o
       304         72          0          0          0       7666   stm32f10x_sdio.o
       130          0          0          0          0       4283   stm32f10x_spi.o
        68          0          0          0          0       2753   stm32f10x_tim.o
       408          6          0          0          0       4890   stm32f10x_usart.o
         8          0          0          0          0        773   sys.o
       328         28          0         20          0       2021   system_stm32f10x.o
       614          4          0          0          0       2847   text.o
      2228         80      13304          2         44      12620   tft.o
      4772        126       1216         12          0      22317   tjpgd.o
       512         56          0          8       2248       5123   usart.o
       108          0          0          0          0       4307   user_fat.o
      1096        100          0          0       4096       8007   w25q64.o

    ----------------------------------------------------------------------
     41880       2412     190926        368      17060     552443   Object Totals
         0          0         32          0          0          0   (incl. Generated)
        46          0          7         11         33          0   (incl. Padding)

    ----------------------------------------------------------------------

      Code (inc. data)   RO Data    RW Data    ZI Data      Debug   Library Member Name

        86          0          0          0          0          0   __dczerorl2.o
         0          0          0          0          0          0   entry.o
         0          0          0          0          0          0   entry10a.o
         0          0          0          0          0          0   entry11a.o
         4          0          0          0          0          0   entry12b.o
         8          4          0          0          0          0   entry2.o
         4          0          0          0          0          0   entry5.o
         0          0          0          0          0          0   entry7b.o
         0          0          0          0          0          0   entry8b.o
         8          4          0          0          0          0   entry9a.o
        30          0          0          0          0          0   handlers.o
        36          8          0          0          0         68   init.o
         0          0          0          0          0          0   iusefp.o
        98          0          0          0          0         84   ldiv.o
        30          0          0          0          0         68   llshl.o
        36          0          0          0          0         68   llsshr.o
        32          0          0          0          0         68   llushr.o
        36          0          0          0          0         68   memcpya.o
      2268         96          0          0          0        616   printfa.o
        24          0          0          0          0         68   strcat.o
        28          0          0          0          0         76   strcmp.o
        18          0          0          0          0         68   strcpy.o
        44          0          0          0          0         80   uidiv.o
        98          0          0          0          0         92   uldiv.o
        48          0          0          0          0         68   cdrcmple.o
        20          0          0          0          0         68   cfcmple.o
        20          0          0          0          0         68   cfrcmple.o
        56          0          0          0          0         88   d2f.o
       334          0          0          0          0        148   dadd.o
       222          0          0          0          0        100   ddiv.o
       186          0          0          0          0        176   depilogue.o
        62          0          0          0          0         80   dfixi.o
        48          0          0          0          0         68   dfixul.o
       228          0          0          0          0         96   dmul.o
        38          0          0          0          0         68   f2d.o
       176          0          0          0          0        140   fadd.o
       124          0          0          0          0         88   fdiv.o
       110          0          0          0          0        168   fepilogue.o
        40          0          0          0          0         68   ffixui.o
        18          0          0          0          0         68   fflti.o
        10          0          0          0          0         68   ffltui.o
       100          0          0          0          0         76   fmul.o

    ----------------------------------------------------------------------
      4730        112          0          0          0       3128   Library Totals
         2          0          0          0          0          0   (incl. Padding)

    ----------------------------------------------------------------------

      Code (inc. data)   RO Data    RW Data    ZI Data      Debug   Library Name

      2888        112          0          0          0       1424   mc_w.l
      1840          0          0          0          0       1704   mf_w.l

    ----------------------------------------------------------------------
      4730        112          0          0          0       3128   Library Totals

    ----------------------------------------------------------------------

==============================================================================


      Code (inc. data)   RO Data    RW Data    ZI Data      Debug   

     46610       2524     190926        368      17060     539475   Grand Totals
     46610       2524     190926        152      17060     539475   ELF Image Totals (compressed)
     46610       2524     190926        152          0          0   ROM Totals

==============================================================================

    Total RO  Size (Code + RO Data)               237536 ( 231.97kB)
    Total RW  Size (RW Data + ZI Data)             17428 (  17.02kB)
    Total ROM Size (Code + RO Data + RW Data)     237688 ( 232.12kB)

==============================================================================

